Archive member included to satisfy reference by file (symbol)

c:/arm/5.2 2015q4/bin/../lib/gcc/arm-none-eabi/5.2.1/../../../../arm-none-eabi/lib/armv7e-m\libg.a(lib_a-exit.o)
                              c:/arm/5.2 2015q4/bin/../lib/gcc/arm-none-eabi/5.2.1/../../../../arm-none-eabi/lib/armv7e-m/crt0.o (exit)
c:/arm/5.2 2015q4/bin/../lib/gcc/arm-none-eabi/5.2.1/../../../../arm-none-eabi/lib/armv7e-m\libg.a(lib_a-impure.o)
                              c:/arm/5.2 2015q4/bin/../lib/gcc/arm-none-eabi/5.2.1/../../../../arm-none-eabi/lib/armv7e-m\libg.a(lib_a-exit.o) (_global_impure_ptr)
c:/arm/5.2 2015q4/bin/../lib/gcc/arm-none-eabi/5.2.1/../../../../arm-none-eabi/lib/armv7e-m\libg.a(lib_a-init.o)
                              c:/arm/5.2 2015q4/bin/../lib/gcc/arm-none-eabi/5.2.1/../../../../arm-none-eabi/lib/armv7e-m/crt0.o (__libc_init_array)
c:/arm/5.2 2015q4/bin/../lib/gcc/arm-none-eabi/5.2.1/../../../../arm-none-eabi/lib/armv7e-m\libg.a(lib_a-memset.o)
                              c:/arm/5.2 2015q4/bin/../lib/gcc/arm-none-eabi/5.2.1/../../../../arm-none-eabi/lib/armv7e-m/crt0.o (memset)
c:/arm/5.2 2015q4/bin/../lib/gcc/arm-none-eabi/5.2.1/../../../../arm-none-eabi/lib/armv7e-m\libg.a(lib_a-__call_atexit.o)
                              c:/arm/5.2 2015q4/bin/../lib/gcc/arm-none-eabi/5.2.1/../../../../arm-none-eabi/lib/armv7e-m\libg.a(lib_a-exit.o) (__call_exitprocs)
c:/arm/5.2 2015q4/bin/../lib/gcc/arm-none-eabi/5.2.1/../../../../arm-none-eabi/lib/armv7e-m\libg.a(lib_a-atexit.o)
                              c:/arm/5.2 2015q4/bin/../lib/gcc/arm-none-eabi/5.2.1/../../../../arm-none-eabi/lib/armv7e-m\libg.a(lib_a-__call_atexit.o) (atexit)
c:/arm/5.2 2015q4/bin/../lib/gcc/arm-none-eabi/5.2.1/../../../../arm-none-eabi/lib/armv7e-m\libg.a(lib_a-fini.o)
                              c:/arm/5.2 2015q4/bin/../lib/gcc/arm-none-eabi/5.2.1/../../../../arm-none-eabi/lib/armv7e-m\libg.a(lib_a-__call_atexit.o) (__libc_fini_array)
c:/arm/5.2 2015q4/bin/../lib/gcc/arm-none-eabi/5.2.1/../../../../arm-none-eabi/lib/armv7e-m\libg.a(lib_a-__atexit.o)
                              c:/arm/5.2 2015q4/bin/../lib/gcc/arm-none-eabi/5.2.1/../../../../arm-none-eabi/lib/armv7e-m\libg.a(lib_a-atexit.o) (__register_exitproc)

Discarded input sections

 .text          0x00000000        0x0 c:/arm/5.2 2015q4/bin/../lib/gcc/arm-none-eabi/5.2.1/armv7e-m/crti.o
 .data          0x00000000        0x0 c:/arm/5.2 2015q4/bin/../lib/gcc/arm-none-eabi/5.2.1/armv7e-m/crti.o
 .bss           0x00000000        0x0 c:/arm/5.2 2015q4/bin/../lib/gcc/arm-none-eabi/5.2.1/armv7e-m/crti.o
 .data          0x00000000        0x4 c:/arm/5.2 2015q4/bin/../lib/gcc/arm-none-eabi/5.2.1/armv7e-m/crtbegin.o
 .text          0x00000000       0x74 c:/arm/5.2 2015q4/bin/../lib/gcc/arm-none-eabi/5.2.1/../../../../arm-none-eabi/lib/armv7e-m/crt0.o
 .data          0x00000000        0x0 c:/arm/5.2 2015q4/bin/../lib/gcc/arm-none-eabi/5.2.1/../../../../arm-none-eabi/lib/armv7e-m/crt0.o
 .bss           0x00000000        0x0 c:/arm/5.2 2015q4/bin/../lib/gcc/arm-none-eabi/5.2.1/../../../../arm-none-eabi/lib/armv7e-m/crt0.o
 .ARM.extab     0x00000000        0x0 c:/arm/5.2 2015q4/bin/../lib/gcc/arm-none-eabi/5.2.1/../../../../arm-none-eabi/lib/armv7e-m/crt0.o
 .ARM.exidx     0x00000000        0x8 c:/arm/5.2 2015q4/bin/../lib/gcc/arm-none-eabi/5.2.1/../../../../arm-none-eabi/lib/armv7e-m/crt0.o
 .ARM.attributes
                0x00000000       0x1c c:/arm/5.2 2015q4/bin/../lib/gcc/arm-none-eabi/5.2.1/../../../../arm-none-eabi/lib/armv7e-m/crt0.o
 .text          0x00000000      0x358 ..\obj\stm32f4xx_hash_sha1.o
 .data          0x00000000        0x0 ..\obj\stm32f4xx_hash_sha1.o
 .bss           0x00000000        0x0 ..\obj\stm32f4xx_hash_sha1.o
 .debug_info    0x00000000      0x55a ..\obj\stm32f4xx_hash_sha1.o
 .debug_abbrev  0x00000000      0x192 ..\obj\stm32f4xx_hash_sha1.o
 .debug_aranges
                0x00000000       0x20 ..\obj\stm32f4xx_hash_sha1.o
 .debug_line    0x00000000      0x380 ..\obj\stm32f4xx_hash_sha1.o
 .debug_str     0x00000000      0x2f6 ..\obj\stm32f4xx_hash_sha1.o
 .comment       0x00000000       0x6f ..\obj\stm32f4xx_hash_sha1.o
 .debug_frame   0x00000000       0x60 ..\obj\stm32f4xx_hash_sha1.o
 .ARM.attributes
                0x00000000       0x33 ..\obj\stm32f4xx_hash_sha1.o
 .text          0x00000000      0x4c4 ..\obj\stm32f4xx_sdio.o
 .data          0x00000000        0x0 ..\obj\stm32f4xx_sdio.o
 .bss           0x00000000        0x0 ..\obj\stm32f4xx_sdio.o
 .debug_info    0x00000000      0x7fd ..\obj\stm32f4xx_sdio.o
 .debug_abbrev  0x00000000      0x179 ..\obj\stm32f4xx_sdio.o
 .debug_aranges
                0x00000000       0x20 ..\obj\stm32f4xx_sdio.o
 .debug_line    0x00000000      0x2b2 ..\obj\stm32f4xx_sdio.o
 .debug_str     0x00000000      0x63f ..\obj\stm32f4xx_sdio.o
 .comment       0x00000000       0x6f ..\obj\stm32f4xx_sdio.o
 .debug_frame   0x00000000      0x48c ..\obj\stm32f4xx_sdio.o
 .ARM.attributes
                0x00000000       0x33 ..\obj\stm32f4xx_sdio.o
 .text          0x00000000      0x700 ..\obj\stm32f4xx_dma.o
 .data          0x00000000        0x0 ..\obj\stm32f4xx_dma.o
 .bss           0x00000000        0x0 ..\obj\stm32f4xx_dma.o
 .debug_info    0x00000000      0x741 ..\obj\stm32f4xx_dma.o
 .debug_abbrev  0x00000000      0x157 ..\obj\stm32f4xx_dma.o
 .debug_aranges
                0x00000000       0x20 ..\obj\stm32f4xx_dma.o
 .debug_line    0x00000000      0x341 ..\obj\stm32f4xx_dma.o
 .debug_str     0x00000000      0x541 ..\obj\stm32f4xx_dma.o
 .comment       0x00000000       0x6f ..\obj\stm32f4xx_dma.o
 .debug_frame   0x00000000      0x308 ..\obj\stm32f4xx_dma.o
 .ARM.attributes
                0x00000000       0x33 ..\obj\stm32f4xx_dma.o
 .text          0x00000000       0xc4 ..\obj\stm32f4xx_iwdg.o
 .data          0x00000000        0x0 ..\obj\stm32f4xx_iwdg.o
 .bss           0x00000000        0x0 ..\obj\stm32f4xx_iwdg.o
 .debug_info    0x00000000      0x20e ..\obj\stm32f4xx_iwdg.o
 .debug_abbrev  0x00000000      0x103 ..\obj\stm32f4xx_iwdg.o
 .debug_aranges
                0x00000000       0x20 ..\obj\stm32f4xx_iwdg.o
 .debug_line    0x00000000      0x1ad ..\obj\stm32f4xx_iwdg.o
 .debug_str     0x00000000      0x26b ..\obj\stm32f4xx_iwdg.o
 .comment       0x00000000       0x6f ..\obj\stm32f4xx_iwdg.o
 .debug_frame   0x00000000       0xf0 ..\obj\stm32f4xx_iwdg.o
 .ARM.attributes
                0x00000000       0x33 ..\obj\stm32f4xx_iwdg.o
 .text          0x00000000      0x12c ..\obj\stm32f4xx_wwdg.o
 .data          0x00000000        0x0 ..\obj\stm32f4xx_wwdg.o
 .bss           0x00000000        0x0 ..\obj\stm32f4xx_wwdg.o
 .debug_info    0x00000000      0x24c ..\obj\stm32f4xx_wwdg.o
 .debug_abbrev  0x00000000      0x142 ..\obj\stm32f4xx_wwdg.o
 .debug_aranges
                0x00000000       0x20 ..\obj\stm32f4xx_wwdg.o
 .debug_line    0x00000000      0x1bc ..\obj\stm32f4xx_wwdg.o
 .debug_str     0x00000000      0x276 ..\obj\stm32f4xx_wwdg.o
 .comment       0x00000000       0x6f ..\obj\stm32f4xx_wwdg.o
 .debug_frame   0x00000000      0x134 ..\obj\stm32f4xx_wwdg.o
 .ARM.attributes
                0x00000000       0x33 ..\obj\stm32f4xx_wwdg.o
 .text          0x00000000     0x1c08 ..\obj\stm32f4xx_tim.o
 .data          0x00000000        0x0 ..\obj\stm32f4xx_tim.o
 .bss           0x00000000        0x0 ..\obj\stm32f4xx_tim.o
 .debug_info    0x00000000     0x1c69 ..\obj\stm32f4xx_tim.o
 .debug_abbrev  0x00000000      0x189 ..\obj\stm32f4xx_tim.o
 .debug_aranges
                0x00000000       0x20 ..\obj\stm32f4xx_tim.o
 .debug_line    0x00000000      0x618 ..\obj\stm32f4xx_tim.o
 .debug_str     0x00000000      0xdcf ..\obj\stm32f4xx_tim.o
 .comment       0x00000000       0x6f ..\obj\stm32f4xx_tim.o
 .debug_frame   0x00000000      0xe54 ..\obj\stm32f4xx_tim.o
 .ARM.attributes
                0x00000000       0x33 ..\obj\stm32f4xx_tim.o
 .text          0x00000000      0x32c ..\obj\stm32f4xx_hash_md5.o
 .data          0x00000000        0x0 ..\obj\stm32f4xx_hash_md5.o
 .bss           0x00000000        0x0 ..\obj\stm32f4xx_hash_md5.o
 .debug_info    0x00000000      0x4fa ..\obj\stm32f4xx_hash_md5.o
 .debug_abbrev  0x00000000      0x192 ..\obj\stm32f4xx_hash_md5.o
 .debug_aranges
                0x00000000       0x20 ..\obj\stm32f4xx_hash_md5.o
 .debug_line    0x00000000      0x365 ..\obj\stm32f4xx_hash_md5.o
 .debug_str     0x00000000      0x2f1 ..\obj\stm32f4xx_hash_md5.o
 .comment       0x00000000       0x6f ..\obj\stm32f4xx_hash_md5.o
 .debug_frame   0x00000000       0x5c ..\obj\stm32f4xx_hash_md5.o
 .ARM.attributes
                0x00000000       0x33 ..\obj\stm32f4xx_hash_md5.o
 .text          0x00000000      0x810 ..\obj\stm32f4xx_spi.o
 .data          0x00000000        0x0 ..\obj\stm32f4xx_spi.o
 .bss           0x00000000        0x0 ..\obj\stm32f4xx_spi.o
 .debug_info    0x00000000      0xb0f ..\obj\stm32f4xx_spi.o
 .debug_abbrev  0x00000000      0x169 ..\obj\stm32f4xx_spi.o
 .debug_aranges
                0x00000000       0x20 ..\obj\stm32f4xx_spi.o
 .debug_line    0x00000000      0x317 ..\obj\stm32f4xx_spi.o
 .debug_str     0x00000000      0x689 ..\obj\stm32f4xx_spi.o
 .comment       0x00000000       0x6f ..\obj\stm32f4xx_spi.o
 .debug_frame   0x00000000      0x3f4 ..\obj\stm32f4xx_spi.o
 .ARM.attributes
                0x00000000       0x33 ..\obj\stm32f4xx_spi.o
 .text          0x00000000      0xf98 ..\obj\stm32f4xx_can.o
 .data          0x00000000        0x0 ..\obj\stm32f4xx_can.o
 .bss           0x00000000        0x0 ..\obj\stm32f4xx_can.o
 .debug_info    0x00000000      0xba4 ..\obj\stm32f4xx_can.o
 .debug_abbrev  0x00000000      0x1f5 ..\obj\stm32f4xx_can.o
 .debug_aranges
                0x00000000       0x20 ..\obj\stm32f4xx_can.o
 .debug_line    0x00000000      0x423 ..\obj\stm32f4xx_can.o
 .debug_str     0x00000000      0x73d ..\obj\stm32f4xx_can.o
 .comment       0x00000000       0x6f ..\obj\stm32f4xx_can.o
 .debug_frame   0x00000000      0x3f0 ..\obj\stm32f4xx_can.o
 .ARM.attributes
                0x00000000       0x33 ..\obj\stm32f4xx_can.o
 .text          0x00000000      0x424 ..\obj\stm32f4xx_dac.o
 .data          0x00000000        0x0 ..\obj\stm32f4xx_dac.o
 .bss           0x00000000        0x0 ..\obj\stm32f4xx_dac.o
 .debug_info    0x00000000      0x642 ..\obj\stm32f4xx_dac.o
 .debug_abbrev  0x00000000      0x17e ..\obj\stm32f4xx_dac.o
 .debug_aranges
                0x00000000       0x20 ..\obj\stm32f4xx_dac.o
 .debug_line    0x00000000      0x27e ..\obj\stm32f4xx_dac.o
 .debug_str     0x00000000      0x452 ..\obj\stm32f4xx_dac.o
 .comment       0x00000000       0x6f ..\obj\stm32f4xx_dac.o
 .debug_frame   0x00000000      0x2ac ..\obj\stm32f4xx_dac.o
 .ARM.attributes
                0x00000000       0x33 ..\obj\stm32f4xx_dac.o
 .text          0x00000000       0x14 ..\obj\startup_stm32f4xx.o
 .data          0x00000000        0x0 ..\obj\startup_stm32f4xx.o
 .bss           0x00000000        0x0 ..\obj\startup_stm32f4xx.o
 .bss           0x00000000        0x0 ..\obj\stm32f4xx_rcc.o
 .text          0x00000000       0xe4 ..\obj\stm32f4xx_dbgmcu.o
 .data          0x00000000        0x0 ..\obj\stm32f4xx_dbgmcu.o
 .bss           0x00000000        0x0 ..\obj\stm32f4xx_dbgmcu.o
 .debug_info    0x00000000      0x1e0 ..\obj\stm32f4xx_dbgmcu.o
 .debug_abbrev  0x00000000       0xe0 ..\obj\stm32f4xx_dbgmcu.o
 .debug_aranges
                0x00000000       0x20 ..\obj\stm32f4xx_dbgmcu.o
 .debug_line    0x00000000      0x1ac ..\obj\stm32f4xx_dbgmcu.o
 .debug_str     0x00000000      0x23f ..\obj\stm32f4xx_dbgmcu.o
 .comment       0x00000000       0x6f ..\obj\stm32f4xx_dbgmcu.o
 .debug_frame   0x00000000       0xc8 ..\obj\stm32f4xx_dbgmcu.o
 .ARM.attributes
                0x00000000       0x33 ..\obj\stm32f4xx_dbgmcu.o
 .text          0x00000000      0x504 ..\obj\stm32f4xx_cryp.o
 .data          0x00000000        0x0 ..\obj\stm32f4xx_cryp.o
 .bss           0x00000000        0x0 ..\obj\stm32f4xx_cryp.o
 .debug_info    0x00000000      0x723 ..\obj\stm32f4xx_cryp.o
 .debug_abbrev  0x00000000      0x192 ..\obj\stm32f4xx_cryp.o
 .debug_aranges
                0x00000000       0x20 ..\obj\stm32f4xx_cryp.o
 .debug_line    0x00000000      0x2bd ..\obj\stm32f4xx_cryp.o
 .debug_str     0x00000000      0x5bc ..\obj\stm32f4xx_cryp.o
 .comment       0x00000000       0x6f ..\obj\stm32f4xx_cryp.o
 .debug_frame   0x00000000      0x29c ..\obj\stm32f4xx_cryp.o
 .ARM.attributes
                0x00000000       0x33 ..\obj\stm32f4xx_cryp.o
 .text          0x00000000      0xa7c ..\obj\stm32f4xx_adc.o
 .data          0x00000000        0x0 ..\obj\stm32f4xx_adc.o
 .bss           0x00000000        0x0 ..\obj\stm32f4xx_adc.o
 .debug_info    0x00000000      0xc40 ..\obj\stm32f4xx_adc.o
 .debug_abbrev  0x00000000      0x198 ..\obj\stm32f4xx_adc.o
 .debug_aranges
                0x00000000       0x20 ..\obj\stm32f4xx_adc.o
 .debug_line    0x00000000      0x371 ..\obj\stm32f4xx_adc.o
 .debug_str     0x00000000      0x803 ..\obj\stm32f4xx_adc.o
 .comment       0x00000000       0x6f ..\obj\stm32f4xx_adc.o
 .debug_frame   0x00000000      0x5ec ..\obj\stm32f4xx_adc.o
 .ARM.attributes
                0x00000000       0x33 ..\obj\stm32f4xx_adc.o
 .text          0x00000000      0x12c ..\obj\stm32f4xx_syscfg.o
 .data          0x00000000        0x0 ..\obj\stm32f4xx_syscfg.o
 .bss           0x00000000        0x0 ..\obj\stm32f4xx_syscfg.o
 .debug_info    0x00000000      0x274 ..\obj\stm32f4xx_syscfg.o
 .debug_abbrev  0x00000000      0x133 ..\obj\stm32f4xx_syscfg.o
 .debug_aranges
                0x00000000       0x20 ..\obj\stm32f4xx_syscfg.o
 .debug_line    0x00000000      0x1b3 ..\obj\stm32f4xx_syscfg.o
 .debug_str     0x00000000      0x2f3 ..\obj\stm32f4xx_syscfg.o
 .comment       0x00000000       0x6f ..\obj\stm32f4xx_syscfg.o
 .debug_frame   0x00000000       0xf4 ..\obj\stm32f4xx_syscfg.o
 .ARM.attributes
                0x00000000       0x33 ..\obj\stm32f4xx_syscfg.o
 .text          0x00000000       0xc8 ..\obj\stm32f4xx_crc.o
 .data          0x00000000        0x0 ..\obj\stm32f4xx_crc.o
 .bss           0x00000000        0x0 ..\obj\stm32f4xx_crc.o
 .debug_info    0x00000000      0x208 ..\obj\stm32f4xx_crc.o
 .debug_abbrev  0x00000000      0x114 ..\obj\stm32f4xx_crc.o
 .debug_aranges
                0x00000000       0x20 ..\obj\stm32f4xx_crc.o
 .debug_line    0x00000000      0x1b3 ..\obj\stm32f4xx_crc.o
 .debug_str     0x00000000      0x24a ..\obj\stm32f4xx_crc.o
 .comment       0x00000000       0x6f ..\obj\stm32f4xx_crc.o
 .debug_frame   0x00000000       0xe8 ..\obj\stm32f4xx_crc.o
 .ARM.attributes
                0x00000000       0x33 ..\obj\stm32f4xx_crc.o
 .text          0x00000000      0x97c ..\obj\stm32f4xx_i2c.o
 .data          0x00000000        0x0 ..\obj\stm32f4xx_i2c.o
 .bss           0x00000000        0x0 ..\obj\stm32f4xx_i2c.o
 .debug_info    0x00000000      0xb00 ..\obj\stm32f4xx_i2c.o
 .debug_abbrev  0x00000000      0x166 ..\obj\stm32f4xx_i2c.o
 .debug_aranges
                0x00000000       0x20 ..\obj\stm32f4xx_i2c.o
 .debug_line    0x00000000      0x342 ..\obj\stm32f4xx_i2c.o
 .debug_str     0x00000000      0x664 ..\obj\stm32f4xx_i2c.o
 .comment       0x00000000       0x6f ..\obj\stm32f4xx_i2c.o
 .debug_frame   0x00000000      0x530 ..\obj\stm32f4xx_i2c.o
 .ARM.attributes
                0x00000000       0x33 ..\obj\stm32f4xx_i2c.o
 .text          0x00000000      0x3a8 ..\obj\stm32f4xx_hash.o
 .data          0x00000000        0x0 ..\obj\stm32f4xx_hash.o
 .bss           0x00000000        0x0 ..\obj\stm32f4xx_hash.o
 .debug_info    0x00000000      0x546 ..\obj\stm32f4xx_hash.o
 .debug_abbrev  0x00000000      0x1cb ..\obj\stm32f4xx_hash.o
 .debug_aranges
                0x00000000       0x20 ..\obj\stm32f4xx_hash.o
 .debug_line    0x00000000      0x28c ..\obj\stm32f4xx_hash.o
 .debug_str     0x00000000      0x431 ..\obj\stm32f4xx_hash.o
 .comment       0x00000000       0x6f ..\obj\stm32f4xx_hash.o
 .debug_frame   0x00000000      0x294 ..\obj\stm32f4xx_hash.o
 .ARM.attributes
                0x00000000       0x33 ..\obj\stm32f4xx_hash.o
 .bss           0x00000000        0x0 ..\obj\system_stm32f4xx.o
 .text          0x00000000      0x14c ..\obj\stm32f4xx_rng.o
 .data          0x00000000        0x0 ..\obj\stm32f4xx_rng.o
 .bss           0x00000000        0x0 ..\obj\stm32f4xx_rng.o
 .debug_info    0x00000000      0x287 ..\obj\stm32f4xx_rng.o
 .debug_abbrev  0x00000000      0x146 ..\obj\stm32f4xx_rng.o
 .debug_aranges
                0x00000000       0x20 ..\obj\stm32f4xx_rng.o
 .debug_line    0x00000000      0x1c2 ..\obj\stm32f4xx_rng.o
 .debug_str     0x00000000      0x278 ..\obj\stm32f4xx_rng.o
 .comment       0x00000000       0x6f ..\obj\stm32f4xx_rng.o
 .debug_frame   0x00000000      0x13c ..\obj\stm32f4xx_rng.o
 .ARM.attributes
                0x00000000       0x33 ..\obj\stm32f4xx_rng.o
 .text          0x00000000      0x3cc ..\obj\stm32f4xx_cryp_tdes.o
 .data          0x00000000        0x0 ..\obj\stm32f4xx_cryp_tdes.o
 .bss           0x00000000        0x0 ..\obj\stm32f4xx_cryp_tdes.o
 .debug_info    0x00000000      0x6e1 ..\obj\stm32f4xx_cryp_tdes.o
 .debug_abbrev  0x00000000      0x160 ..\obj\stm32f4xx_cryp_tdes.o
 .debug_aranges
                0x00000000       0x20 ..\obj\stm32f4xx_cryp_tdes.o
 .debug_line    0x00000000      0x36e ..\obj\stm32f4xx_cryp_tdes.o
 .debug_str     0x00000000      0x3d7 ..\obj\stm32f4xx_cryp_tdes.o
 .comment       0x00000000       0x6f ..\obj\stm32f4xx_cryp_tdes.o
 .debug_frame   0x00000000       0x60 ..\obj\stm32f4xx_cryp_tdes.o
 .ARM.attributes
                0x00000000       0x33 ..\obj\stm32f4xx_cryp_tdes.o
 .text          0x00000000      0x380 ..\obj\stm32f4xx_dcmi.o
 .data          0x00000000        0x0 ..\obj\stm32f4xx_dcmi.o
 .bss           0x00000000        0x0 ..\obj\stm32f4xx_dcmi.o
 .debug_info    0x00000000      0x554 ..\obj\stm32f4xx_dcmi.o
 .debug_abbrev  0x00000000      0x189 ..\obj\stm32f4xx_dcmi.o
 .debug_aranges
                0x00000000       0x20 ..\obj\stm32f4xx_dcmi.o
 .debug_line    0x00000000      0x27c ..\obj\stm32f4xx_dcmi.o
 .debug_str     0x00000000      0x4d8 ..\obj\stm32f4xx_dcmi.o
 .comment       0x00000000       0x6f ..\obj\stm32f4xx_dcmi.o
 .debug_frame   0x00000000      0x258 ..\obj\stm32f4xx_dcmi.o
 .ARM.attributes
                0x00000000       0x33 ..\obj\stm32f4xx_dcmi.o
 .text          0x00000000      0x2b4 ..\obj\stm32f4xx_cryp_des.o
 .data          0x00000000        0x0 ..\obj\stm32f4xx_cryp_des.o
 .bss           0x00000000        0x0 ..\obj\stm32f4xx_cryp_des.o
 .debug_info    0x00000000      0x562 ..\obj\stm32f4xx_cryp_des.o
 .debug_abbrev  0x00000000      0x160 ..\obj\stm32f4xx_cryp_des.o
 .debug_aranges
                0x00000000       0x20 ..\obj\stm32f4xx_cryp_des.o
 .debug_line    0x00000000      0x2f5 ..\obj\stm32f4xx_cryp_des.o
 .debug_str     0x00000000      0x3d1 ..\obj\stm32f4xx_cryp_des.o
 .comment       0x00000000       0x6f ..\obj\stm32f4xx_cryp_des.o
 .debug_frame   0x00000000       0x60 ..\obj\stm32f4xx_cryp_des.o
 .ARM.attributes
                0x00000000       0x33 ..\obj\stm32f4xx_cryp_des.o
 .text          0x00000000      0x948 ..\obj\stm32f4xx_fsmc.o
 .data          0x00000000        0x0 ..\obj\stm32f4xx_fsmc.o
 .bss           0x00000000        0x0 ..\obj\stm32f4xx_fsmc.o
 .debug_info    0x00000000      0x8fd ..\obj\stm32f4xx_fsmc.o
 .debug_abbrev  0x00000000      0x172 ..\obj\stm32f4xx_fsmc.o
 .debug_aranges
                0x00000000       0x20 ..\obj\stm32f4xx_fsmc.o
 .debug_line    0x00000000      0x39a ..\obj\stm32f4xx_fsmc.o
 .debug_str     0x00000000      0x789 ..\obj\stm32f4xx_fsmc.o
 .comment       0x00000000       0x6f ..\obj\stm32f4xx_fsmc.o
 .debug_frame   0x00000000      0x300 ..\obj\stm32f4xx_fsmc.o
 .ARM.attributes
                0x00000000       0x33 ..\obj\stm32f4xx_fsmc.o
 .text          0x00000000      0x224 ..\obj\stm32f4xx_pwr.o
 .data          0x00000000        0x0 ..\obj\stm32f4xx_pwr.o
 .bss           0x00000000        0x0 ..\obj\stm32f4xx_pwr.o
 .debug_info    0x00000000      0x504 ..\obj\stm32f4xx_pwr.o
 .debug_abbrev  0x00000000      0x181 ..\obj\stm32f4xx_pwr.o
 .debug_aranges
                0x00000000       0x20 ..\obj\stm32f4xx_pwr.o
 .debug_line    0x00000000      0x207 ..\obj\stm32f4xx_pwr.o
 .debug_str     0x00000000      0x390 ..\obj\stm32f4xx_pwr.o
 .comment       0x00000000       0x6f ..\obj\stm32f4xx_pwr.o
 .debug_frame   0x00000000      0x1dc ..\obj\stm32f4xx_pwr.o
 .ARM.attributes
                0x00000000       0x33 ..\obj\stm32f4xx_pwr.o
 .text          0x00000000      0xe8c ..\obj\stm32f4xx_cryp_aes.o
 .data          0x00000000        0x0 ..\obj\stm32f4xx_cryp_aes.o
 .bss           0x00000000        0x0 ..\obj\stm32f4xx_cryp_aes.o
 .debug_info    0x00000000     0x1162 ..\obj\stm32f4xx_cryp_aes.o
 .debug_abbrev  0x00000000      0x1d8 ..\obj\stm32f4xx_cryp_aes.o
 .debug_aranges
                0x00000000       0x20 ..\obj\stm32f4xx_cryp_aes.o
 .debug_line    0x00000000      0x6c7 ..\obj\stm32f4xx_cryp_aes.o
 .debug_str     0x00000000      0x3e6 ..\obj\stm32f4xx_cryp_aes.o
 .comment       0x00000000       0x6f ..\obj\stm32f4xx_cryp_aes.o
 .debug_frame   0x00000000       0x88 ..\obj\stm32f4xx_cryp_aes.o
 .ARM.attributes
                0x00000000       0x33 ..\obj\stm32f4xx_cryp_aes.o
 .text          0x00000000      0x920 ..\obj\stm32f4xx_usart.o
 .data          0x00000000        0x0 ..\obj\stm32f4xx_usart.o
 .bss           0x00000000        0x0 ..\obj\stm32f4xx_usart.o
 .debug_info    0x00000000      0x9ca ..\obj\stm32f4xx_usart.o
 .debug_abbrev  0x00000000      0x157 ..\obj\stm32f4xx_usart.o
 .debug_aranges
                0x00000000       0x20 ..\obj\stm32f4xx_usart.o
 .debug_line    0x00000000      0x34d ..\obj\stm32f4xx_usart.o
 .debug_str     0x00000000      0x68e ..\obj\stm32f4xx_usart.o
 .comment       0x00000000       0x6f ..\obj\stm32f4xx_usart.o
 .debug_frame   0x00000000      0x490 ..\obj\stm32f4xx_usart.o
 .ARM.attributes
                0x00000000       0x33 ..\obj\stm32f4xx_usart.o
 .text          0x00000000      0x188 ..\obj\misc.o
 .data          0x00000000        0x0 ..\obj\misc.o
 .bss           0x00000000        0x0 ..\obj\misc.o
 .debug_info    0x00000000      0x541 ..\obj\misc.o
 .debug_abbrev  0x00000000      0x147 ..\obj\misc.o
 .debug_aranges
                0x00000000       0x20 ..\obj\misc.o
 .debug_line    0x00000000      0x206 ..\obj\misc.o
 .debug_str     0x00000000      0x3cd ..\obj\misc.o
 .comment       0x00000000       0x6f ..\obj\misc.o
 .debug_frame   0x00000000       0xd8 ..\obj\misc.o
 .ARM.attributes
                0x00000000       0x33 ..\obj\misc.o
 .data          0x00000000        0x0 ..\obj\stm32f4xx_gpio.o
 .bss           0x00000000        0x0 ..\obj\stm32f4xx_gpio.o
 .text          0x00000000     0x14c4 ..\obj\stm32f4xx_rtc.o
 .data          0x00000000        0x0 ..\obj\stm32f4xx_rtc.o
 .bss           0x00000000        0x0 ..\obj\stm32f4xx_rtc.o
 .debug_info    0x00000000     0x10eb ..\obj\stm32f4xx_rtc.o
 .debug_abbrev  0x00000000      0x1b0 ..\obj\stm32f4xx_rtc.o
 .debug_aranges
                0x00000000       0x20 ..\obj\stm32f4xx_rtc.o
 .debug_line    0x00000000      0x53c ..\obj\stm32f4xx_rtc.o
 .debug_str     0x00000000      0xb47 ..\obj\stm32f4xx_rtc.o
 .comment       0x00000000       0x6f ..\obj\stm32f4xx_rtc.o
 .debug_frame   0x00000000      0x8b0 ..\obj\stm32f4xx_rtc.o
 .ARM.attributes
                0x00000000       0x33 ..\obj\stm32f4xx_rtc.o
 .text          0x00000000      0x790 ..\obj\stm32f4xx_flash.o
 .data          0x00000000        0x0 ..\obj\stm32f4xx_flash.o
 .bss           0x00000000        0x0 ..\obj\stm32f4xx_flash.o
 .debug_info    0x00000000      0x727 ..\obj\stm32f4xx_flash.o
 .debug_abbrev  0x00000000      0x1b2 ..\obj\stm32f4xx_flash.o
 .debug_aranges
                0x00000000       0x20 ..\obj\stm32f4xx_flash.o
 .debug_line    0x00000000      0x2fd ..\obj\stm32f4xx_flash.o
 .debug_str     0x00000000      0x591 ..\obj\stm32f4xx_flash.o
 .comment       0x00000000       0x6f ..\obj\stm32f4xx_flash.o
 .debug_frame   0x00000000      0x450 ..\obj\stm32f4xx_flash.o
 .ARM.attributes
                0x00000000       0x33 ..\obj\stm32f4xx_flash.o
 .text          0x00000000      0x21c ..\obj\stm32f4xx_exti.o
 .data          0x00000000        0x0 ..\obj\stm32f4xx_exti.o
 .bss           0x00000000        0x0 ..\obj\stm32f4xx_exti.o
 .debug_info    0x00000000      0x357 ..\obj\stm32f4xx_exti.o
 .debug_abbrev  0x00000000      0x1a9 ..\obj\stm32f4xx_exti.o
 .debug_aranges
                0x00000000       0x20 ..\obj\stm32f4xx_exti.o
 .debug_line    0x00000000      0x242 ..\obj\stm32f4xx_exti.o
 .debug_str     0x00000000      0x358 ..\obj\stm32f4xx_exti.o
 .comment       0x00000000       0x6f ..\obj\stm32f4xx_exti.o
 .debug_frame   0x00000000      0x148 ..\obj\stm32f4xx_exti.o
 .ARM.attributes
                0x00000000       0x33 ..\obj\stm32f4xx_exti.o
 .data          0x00000000        0x0 ..\obj\main.o
 .text          0x00000000        0x0 c:/arm/5.2 2015q4/bin/../lib/gcc/arm-none-eabi/5.2.1/../../../../arm-none-eabi/lib/armv7e-m\libg.a(lib_a-exit.o)
 .data          0x00000000        0x0 c:/arm/5.2 2015q4/bin/../lib/gcc/arm-none-eabi/5.2.1/../../../../arm-none-eabi/lib/armv7e-m\libg.a(lib_a-exit.o)
 .bss           0x00000000        0x0 c:/arm/5.2 2015q4/bin/../lib/gcc/arm-none-eabi/5.2.1/../../../../arm-none-eabi/lib/armv7e-m\libg.a(lib_a-exit.o)
 .text.exit     0x00000000       0x20 c:/arm/5.2 2015q4/bin/../lib/gcc/arm-none-eabi/5.2.1/../../../../arm-none-eabi/lib/armv7e-m\libg.a(lib_a-exit.o)
 .debug_frame   0x00000000       0x28 c:/arm/5.2 2015q4/bin/../lib/gcc/arm-none-eabi/5.2.1/../../../../arm-none-eabi/lib/armv7e-m\libg.a(lib_a-exit.o)
 .ARM.attributes
                0x00000000       0x2e c:/arm/5.2 2015q4/bin/../lib/gcc/arm-none-eabi/5.2.1/../../../../arm-none-eabi/lib/armv7e-m\libg.a(lib_a-exit.o)
 .text          0x00000000        0x0 c:/arm/5.2 2015q4/bin/../lib/gcc/arm-none-eabi/5.2.1/../../../../arm-none-eabi/lib/armv7e-m\libg.a(lib_a-impure.o)
 .data          0x00000000        0x0 c:/arm/5.2 2015q4/bin/../lib/gcc/arm-none-eabi/5.2.1/../../../../arm-none-eabi/lib/armv7e-m\libg.a(lib_a-impure.o)
 .bss           0x00000000        0x0 c:/arm/5.2 2015q4/bin/../lib/gcc/arm-none-eabi/5.2.1/../../../../arm-none-eabi/lib/armv7e-m\libg.a(lib_a-impure.o)
 .data._impure_ptr
                0x00000000        0x4 c:/arm/5.2 2015q4/bin/../lib/gcc/arm-none-eabi/5.2.1/../../../../arm-none-eabi/lib/armv7e-m\libg.a(lib_a-impure.o)
 .text          0x00000000        0x0 c:/arm/5.2 2015q4/bin/../lib/gcc/arm-none-eabi/5.2.1/../../../../arm-none-eabi/lib/armv7e-m\libg.a(lib_a-init.o)
 .data          0x00000000        0x0 c:/arm/5.2 2015q4/bin/../lib/gcc/arm-none-eabi/5.2.1/../../../../arm-none-eabi/lib/armv7e-m\libg.a(lib_a-init.o)
 .bss           0x00000000        0x0 c:/arm/5.2 2015q4/bin/../lib/gcc/arm-none-eabi/5.2.1/../../../../arm-none-eabi/lib/armv7e-m\libg.a(lib_a-init.o)
 .text          0x00000000        0x0 c:/arm/5.2 2015q4/bin/../lib/gcc/arm-none-eabi/5.2.1/../../../../arm-none-eabi/lib/armv7e-m\libg.a(lib_a-memset.o)
 .data          0x00000000        0x0 c:/arm/5.2 2015q4/bin/../lib/gcc/arm-none-eabi/5.2.1/../../../../arm-none-eabi/lib/armv7e-m\libg.a(lib_a-memset.o)
 .bss           0x00000000        0x0 c:/arm/5.2 2015q4/bin/../lib/gcc/arm-none-eabi/5.2.1/../../../../arm-none-eabi/lib/armv7e-m\libg.a(lib_a-memset.o)
 .text.memset   0x00000000       0x9c c:/arm/5.2 2015q4/bin/../lib/gcc/arm-none-eabi/5.2.1/../../../../arm-none-eabi/lib/armv7e-m\libg.a(lib_a-memset.o)
 .debug_frame   0x00000000       0x34 c:/arm/5.2 2015q4/bin/../lib/gcc/arm-none-eabi/5.2.1/../../../../arm-none-eabi/lib/armv7e-m\libg.a(lib_a-memset.o)
 .ARM.attributes
                0x00000000       0x2e c:/arm/5.2 2015q4/bin/../lib/gcc/arm-none-eabi/5.2.1/../../../../arm-none-eabi/lib/armv7e-m\libg.a(lib_a-memset.o)
 .text          0x00000000        0x0 c:/arm/5.2 2015q4/bin/../lib/gcc/arm-none-eabi/5.2.1/../../../../arm-none-eabi/lib/armv7e-m\libg.a(lib_a-__call_atexit.o)
 .data          0x00000000        0x0 c:/arm/5.2 2015q4/bin/../lib/gcc/arm-none-eabi/5.2.1/../../../../arm-none-eabi/lib/armv7e-m\libg.a(lib_a-__call_atexit.o)
 .bss           0x00000000        0x0 c:/arm/5.2 2015q4/bin/../lib/gcc/arm-none-eabi/5.2.1/../../../../arm-none-eabi/lib/armv7e-m\libg.a(lib_a-__call_atexit.o)
 .text.__call_exitprocs
                0x00000000       0xd8 c:/arm/5.2 2015q4/bin/../lib/gcc/arm-none-eabi/5.2.1/../../../../arm-none-eabi/lib/armv7e-m\libg.a(lib_a-__call_atexit.o)
 .text          0x00000000        0x0 c:/arm/5.2 2015q4/bin/../lib/gcc/arm-none-eabi/5.2.1/../../../../arm-none-eabi/lib/armv7e-m\libg.a(lib_a-atexit.o)
 .data          0x00000000        0x0 c:/arm/5.2 2015q4/bin/../lib/gcc/arm-none-eabi/5.2.1/../../../../arm-none-eabi/lib/armv7e-m\libg.a(lib_a-atexit.o)
 .bss           0x00000000        0x0 c:/arm/5.2 2015q4/bin/../lib/gcc/arm-none-eabi/5.2.1/../../../../arm-none-eabi/lib/armv7e-m\libg.a(lib_a-atexit.o)
 .text          0x00000000        0x0 c:/arm/5.2 2015q4/bin/../lib/gcc/arm-none-eabi/5.2.1/../../../../arm-none-eabi/lib/armv7e-m\libg.a(lib_a-fini.o)
 .data          0x00000000        0x0 c:/arm/5.2 2015q4/bin/../lib/gcc/arm-none-eabi/5.2.1/../../../../arm-none-eabi/lib/armv7e-m\libg.a(lib_a-fini.o)
 .bss           0x00000000        0x0 c:/arm/5.2 2015q4/bin/../lib/gcc/arm-none-eabi/5.2.1/../../../../arm-none-eabi/lib/armv7e-m\libg.a(lib_a-fini.o)
 .text          0x00000000        0x0 c:/arm/5.2 2015q4/bin/../lib/gcc/arm-none-eabi/5.2.1/../../../../arm-none-eabi/lib/armv7e-m\libg.a(lib_a-__atexit.o)
 .data          0x00000000        0x0 c:/arm/5.2 2015q4/bin/../lib/gcc/arm-none-eabi/5.2.1/../../../../arm-none-eabi/lib/armv7e-m\libg.a(lib_a-__atexit.o)
 .bss           0x00000000        0x0 c:/arm/5.2 2015q4/bin/../lib/gcc/arm-none-eabi/5.2.1/../../../../arm-none-eabi/lib/armv7e-m\libg.a(lib_a-__atexit.o)
 .text          0x00000000        0x0 c:/arm/5.2 2015q4/bin/../lib/gcc/arm-none-eabi/5.2.1/armv7e-m/crtend.o
 .data          0x00000000        0x0 c:/arm/5.2 2015q4/bin/../lib/gcc/arm-none-eabi/5.2.1/armv7e-m/crtend.o
 .bss           0x00000000        0x0 c:/arm/5.2 2015q4/bin/../lib/gcc/arm-none-eabi/5.2.1/armv7e-m/crtend.o
 .eh_frame      0x00000000        0x4 c:/arm/5.2 2015q4/bin/../lib/gcc/arm-none-eabi/5.2.1/armv7e-m/crtend.o
 .text          0x00000000        0x0 c:/arm/5.2 2015q4/bin/../lib/gcc/arm-none-eabi/5.2.1/armv7e-m/crtn.o
 .data          0x00000000        0x0 c:/arm/5.2 2015q4/bin/../lib/gcc/arm-none-eabi/5.2.1/armv7e-m/crtn.o
 .bss           0x00000000        0x0 c:/arm/5.2 2015q4/bin/../lib/gcc/arm-none-eabi/5.2.1/armv7e-m/crtn.o

Memory Configuration

Name             Origin             Length             Attributes
rom              0x08000000         0x00040000         xr
ram              0x20000000         0x00010000         xrw
*default*        0x00000000         0xffffffff

Linker script and memory map

LOAD c:/arm/5.2 2015q4/bin/../lib/gcc/arm-none-eabi/5.2.1/armv7e-m/crti.o
LOAD c:/arm/5.2 2015q4/bin/../lib/gcc/arm-none-eabi/5.2.1/armv7e-m/crtbegin.o
LOAD c:/arm/5.2 2015q4/bin/../lib/gcc/arm-none-eabi/5.2.1/../../../../arm-none-eabi/lib/armv7e-m/crt0.o
                0x20010000                _eram = 0x20010000

.text           0x08000000     0x1600
 *(.isr_vector)
 .isr_vector    0x08000000      0x194 ..\obj\startup_stm32f4xx.o
                0x08000000                g_pfnVectors
 *(.text*)
 .text          0x08000194       0xa4 c:/arm/5.2 2015q4/bin/../lib/gcc/arm-none-eabi/5.2.1/armv7e-m/crtbegin.o
 .text.Reset_Handler
                0x08000238       0x50 ..\obj\startup_stm32f4xx.o
                0x08000238                Reset_Handler
 .text.Default_Handler
                0x08000288        0x2 ..\obj\startup_stm32f4xx.o
                0x08000288                RTC_Alarm_IRQHandler
                0x08000288                EXTI2_IRQHandler
                0x08000288                DebugMon_Handler
                0x08000288                SPI4_IRQHandler
                0x08000288                TIM1_CC_IRQHandler
                0x08000288                DMA2_Stream5_IRQHandler
                0x08000288                HardFault_Handler
                0x08000288                DMA1_Stream5_IRQHandler
                0x08000288                SysTick_Handler
                0x08000288                PVD_IRQHandler
                0x08000288                SDIO_IRQHandler
                0x08000288                TAMP_STAMP_IRQHandler
                0x08000288                PendSV_Handler
                0x08000288                NMI_Handler
                0x08000288                EXTI3_IRQHandler
                0x08000288                TIM1_UP_TIM10_IRQHandler
                0x08000288                I2C3_ER_IRQHandler
                0x08000288                EXTI0_IRQHandler
                0x08000288                I2C2_EV_IRQHandler
                0x08000288                DMA1_Stream2_IRQHandler
                0x08000288                FPU_IRQHandler
                0x08000288                UsageFault_Handler
                0x08000288                DMA2_Stream2_IRQHandler
                0x08000288                SPI1_IRQHandler
                0x08000288                TIM1_BRK_TIM9_IRQHandler
                0x08000288                DMA2_Stream3_IRQHandler
                0x08000288                USART6_IRQHandler
                0x08000288                DMA2_Stream0_IRQHandler
                0x08000288                TIM4_IRQHandler
                0x08000288                I2C1_EV_IRQHandler
                0x08000288                DMA1_Stream6_IRQHandler
                0x08000288                DMA1_Stream1_IRQHandler
                0x08000288                TIM3_IRQHandler
                0x08000288                RCC_IRQHandler
                0x08000288                Default_Handler
                0x08000288                EXTI15_10_IRQHandler
                0x08000288                ADC_IRQHandler
                0x08000288                DMA1_Stream7_IRQHandler
                0x08000288                TIM5_IRQHandler
                0x08000288                DMA2_Stream7_IRQHandler
                0x08000288                I2C3_EV_IRQHandler
                0x08000288                EXTI9_5_IRQHandler
                0x08000288                RTC_WKUP_IRQHandler
                0x08000288                SPI2_IRQHandler
                0x08000288                MemManage_Handler
                0x08000288                DMA1_Stream0_IRQHandler
                0x08000288                SVC_Handler
                0x08000288                EXTI4_IRQHandler
                0x08000288                WWDG_IRQHandler
                0x08000288                TIM2_IRQHandler
                0x08000288                OTG_FS_WKUP_IRQHandler
                0x08000288                TIM1_TRG_COM_TIM11_IRQHandler
                0x08000288                EXTI1_IRQHandler
                0x08000288                USART2_IRQHandler
                0x08000288                I2C2_ER_IRQHandler
                0x08000288                DMA2_Stream1_IRQHandler
                0x08000288                FLASH_IRQHandler
                0x08000288                DMA2_Stream4_IRQHandler
                0x08000288                BusFault_Handler
                0x08000288                USART1_IRQHandler
                0x08000288                OTG_FS_IRQHandler
                0x08000288                SPI3_IRQHandler
                0x08000288                DMA1_Stream4_IRQHandler
                0x08000288                I2C1_ER_IRQHandler
                0x08000288                DMA2_Stream6_IRQHandler
                0x08000288                DMA1_Stream3_IRQHandler
 *fill*         0x0800028a        0x2 
 .text          0x0800028c      0xa78 ..\obj\stm32f4xx_rcc.o
                0x0800028c                RCC_DeInit
                0x080002dc                RCC_HSEConfig
                0x08000300                RCC_WaitForHSEStartUp
                0x08000350                RCC_AdjustHSICalibrationValue
                0x0800038c                RCC_HSICmd
                0x080003ac                RCC_LSEConfig
                0x080003ec                RCC_LSICmd
                0x0800040c                RCC_PLLConfig
                0x08000448                RCC_PLLCmd
                0x08000468                RCC_PLLI2SConfig
                0x08000490                RCC_PLLI2SCmd
                0x080004b0                RCC_ClockSecuritySystemCmd
                0x080004d0                RCC_MCO1Config
                0x0800050c                RCC_MCO2Config
                0x08000548                RCC_SYSCLKConfig
                0x08000580                RCC_GetSYSCLKSource
                0x0800059c                RCC_HCLKConfig
                0x080005d4                RCC_PCLK1Config
                0x0800060c                RCC_PCLK2Config
                0x08000644                RCC_GetClocksFreq
                0x08000798                RCC_RTCCLKConfig
                0x080007f4                RCC_RTCCLKCmd
                0x08000814                RCC_BackupResetCmd
                0x08000834                RCC_I2SCLKConfig
                0x08000850                RCC_AHB1PeriphClockCmd
                0x0800088c                RCC_AHB2PeriphClockCmd
                0x080008c8                RCC_AHB3PeriphClockCmd
                0x08000904                RCC_APB1PeriphClockCmd
                0x08000940                RCC_APB2PeriphClockCmd
                0x0800097c                RCC_AHB1PeriphResetCmd
                0x080009b8                RCC_AHB2PeriphResetCmd
                0x080009f4                RCC_AHB3PeriphResetCmd
                0x08000a30                RCC_APB1PeriphResetCmd
                0x08000a6c                RCC_APB2PeriphResetCmd
                0x08000aa8                RCC_AHB1PeriphClockLPModeCmd
                0x08000ae4                RCC_AHB2PeriphClockLPModeCmd
                0x08000b20                RCC_AHB3PeriphClockLPModeCmd
                0x08000b5c                RCC_APB1PeriphClockLPModeCmd
                0x08000b98                RCC_APB2PeriphClockLPModeCmd
                0x08000bd4                RCC_ITConfig
                0x08000c20                RCC_GetFlagStatus
                0x08000c94                RCC_ClearFlag
                0x08000cb0                RCC_GetITStatus
                0x08000ce4                RCC_ClearITPendingBit
 .text          0x08000d04      0x248 ..\obj\system_stm32f4xx.o
                0x08000d04                SystemInit
                0x08000d60                SystemCoreClockUpdate
 .text          0x08000f4c      0x484 ..\obj\stm32f4xx_gpio.o
                0x08000f4c                GPIO_DeInit
                0x0800106c                GPIO_Init
                0x08001188                GPIO_StructInit
                0x080011bc                GPIO_PinLockConfig
                0x08001200                GPIO_ReadInputDataBit
                0x08001234                GPIO_ReadInputData
                0x0800124c                GPIO_ReadOutputDataBit
                0x08001280                GPIO_ReadOutputData
                0x08001298                GPIO_SetBits
                0x080012b4                GPIO_ResetBits
                0x080012d0                GPIO_WriteBit
                0x08001300                GPIO_Write
                0x0800131c                GPIO_ToggleBits
                0x08001340                GPIO_PinAFConfig
 .text          0x080013d0       0xc8 ..\obj\main.o
                0x080013d0                main
                0x080013e0                init
                0x08001424                loop
                0x0800146c                delay
 .text.__libc_init_array
                0x08001498       0x50 c:/arm/5.2 2015q4/bin/../lib/gcc/arm-none-eabi/5.2.1/../../../../arm-none-eabi/lib/armv7e-m\libg.a(lib_a-init.o)
                0x08001498                __libc_init_array
 .text.startup.register_fini
                0x080014e8       0x14 c:/arm/5.2 2015q4/bin/../lib/gcc/arm-none-eabi/5.2.1/../../../../arm-none-eabi/lib/armv7e-m\libg.a(lib_a-__call_atexit.o)
 .text.atexit   0x080014fc        0xc c:/arm/5.2 2015q4/bin/../lib/gcc/arm-none-eabi/5.2.1/../../../../arm-none-eabi/lib/armv7e-m\libg.a(lib_a-atexit.o)
                0x080014fc                atexit
 .text.__libc_fini_array
                0x08001508       0x28 c:/arm/5.2 2015q4/bin/../lib/gcc/arm-none-eabi/5.2.1/../../../../arm-none-eabi/lib/armv7e-m\libg.a(lib_a-fini.o)
                0x08001508                __libc_fini_array
 .text.__register_exitproc
                0x08001530       0xa4 c:/arm/5.2 2015q4/bin/../lib/gcc/arm-none-eabi/5.2.1/../../../../arm-none-eabi/lib/armv7e-m\libg.a(lib_a-__atexit.o)
                0x08001530                __register_exitproc
 *(.init)
 .init          0x080015d4        0x4 c:/arm/5.2 2015q4/bin/../lib/gcc/arm-none-eabi/5.2.1/armv7e-m/crti.o
                0x080015d4                _init
 .init          0x080015d8        0x8 c:/arm/5.2 2015q4/bin/../lib/gcc/arm-none-eabi/5.2.1/armv7e-m/crtn.o
 *(.fini)
 .fini          0x080015e0        0x4 c:/arm/5.2 2015q4/bin/../lib/gcc/arm-none-eabi/5.2.1/armv7e-m/crti.o
                0x080015e0                _fini
 .fini          0x080015e4        0x8 c:/arm/5.2 2015q4/bin/../lib/gcc/arm-none-eabi/5.2.1/armv7e-m/crtn.o
 *crtbegin.o(.ctors)
 *crtbegin?.o(.ctors)
 *(EXCLUDE_FILE(*crtend.o *crtend?.o) .ctors)
 *(SORT(.ctors.*))
 *(.ctors)
 *crtbegin.o(.dtors)
 *crtbegin?.o(.dtors)
 *(EXCLUDE_FILE(*crtend.o *crtend?.o) .dtors)
 *(SORT(.dtors.*))
 *(.dtors)
 *(.rodata*)
 .rodata        0x080015ec        0xc ..\obj\main.o
                0x080015ec                LEDS
                0x080015f0                LED
 .rodata.str1.4
                0x080015f8        0x4 c:/arm/5.2 2015q4/bin/../lib/gcc/arm-none-eabi/5.2.1/../../../../arm-none-eabi/lib/armv7e-m\libg.a(lib_a-impure.o)
                                  0x2 (size before relaxing)
 .rodata._global_impure_ptr
                0x080015fc        0x4 c:/arm/5.2 2015q4/bin/../lib/gcc/arm-none-eabi/5.2.1/../../../../arm-none-eabi/lib/armv7e-m\libg.a(lib_a-impure.o)
                0x080015fc                _global_impure_ptr
 *(.eh_fram e*)

.eh_frame       0x08001600        0x0
 .eh_frame      0x08001600        0x0 c:/arm/5.2 2015q4/bin/../lib/gcc/arm-none-eabi/5.2.1/armv7e-m/crtbegin.o

.glue_7         0x08001600        0x0
 .glue_7        0x08001600        0x0 linker stubs

.glue_7t        0x08001600        0x0
 .glue_7t       0x08001600        0x0 linker stubs

.vfp11_veneer   0x08001600        0x0
 .vfp11_veneer  0x08001600        0x0 linker stubs

.v4_bx          0x08001600        0x0
 .v4_bx         0x08001600        0x0 linker stubs

.iplt           0x08001600        0x0
 .iplt          0x08001600        0x0 c:/arm/5.2 2015q4/bin/../lib/gcc/arm-none-eabi/5.2.1/armv7e-m/crtbegin.o

.rel.dyn        0x08001600        0x0
 .rel.iplt      0x08001600        0x0 c:/arm/5.2 2015q4/bin/../lib/gcc/arm-none-eabi/5.2.1/armv7e-m/crtbegin.o

.ARM.extab
 *(.ARM.extab* .gnu.linkonce.armextab.*)
                0x08001600                __exidx_start = .

.ARM.exidx
 *(.ARM.exidx* .gnu.linkonce.armexidx.*)
                0x08001600                __exidx_end = .
                0x08001600                __etext = .
                0x08001600                _sidata = __etext

.data           0x20000000      0x460 load address 0x08001600
                0x20000000                __data_start__ = .
                0x20000000                _sdata = __data_start__
 *(vtable)
 *(.data*)
 .data          0x20000000       0x10 ..\obj\stm32f4xx_rcc.o
 .data          0x20000010       0x14 ..\obj\system_stm32f4xx.o
                0x20000010                SystemCoreClock
                0x20000014                AHBPrescTable
 *fill*         0x20000024        0x4 
 .data.impure_data
                0x20000028      0x428 c:/arm/5.2 2015q4/bin/../lib/gcc/arm-none-eabi/5.2.1/../../../../arm-none-eabi/lib/armv7e-m\libg.a(lib_a-impure.o)
                0x20000450                . = ALIGN (0x4)
                0x20000450                PROVIDE (__preinit_array_start, .)
 *(.preinit_array)
                0x20000450                PROVIDE (__preinit_array_end, .)
                0x20000450                . = ALIGN (0x4)
                0x20000450                PROVIDE (__init_array_start, .)
 *(SORT(.init_array.*))
 .init_array.00000
                0x20000450        0x4 c:/arm/5.2 2015q4/bin/../lib/gcc/arm-none-eabi/5.2.1/../../../../arm-none-eabi/lib/armv7e-m\libg.a(lib_a-__call_atexit.o)
 *(.init_array)
 .init_array    0x20000454        0x4 c:/arm/5.2 2015q4/bin/../lib/gcc/arm-none-eabi/5.2.1/armv7e-m/crtbegin.o
                0x20000458                PROVIDE (__init_array_end, .)
                0x20000458                . = ALIGN (0x4)
                0x20000458                PROVIDE (__fini_array_start, .)
 *(SORT(.fini_array.*))
 *(.fini_array)
 .fini_array    0x20000458        0x4 c:/arm/5.2 2015q4/bin/../lib/gcc/arm-none-eabi/5.2.1/armv7e-m/crtbegin.o
                0x2000045c                PROVIDE (__fini_array_end, .)
 *(.jcr*)
 .jcr           0x2000045c        0x0 c:/arm/5.2 2015q4/bin/../lib/gcc/arm-none-eabi/5.2.1/armv7e-m/crtbegin.o
 .jcr           0x2000045c        0x4 c:/arm/5.2 2015q4/bin/../lib/gcc/arm-none-eabi/5.2.1/armv7e-m/crtend.o
                0x20000460                . = ALIGN (0x4)
                0x20000460                __data_end__ = .
                0x20000460                _edata = __data_end__

.tm_clone_table
                0x20000460        0x0 load address 0x08001a60
 .tm_clone_table
                0x20000460        0x0 c:/arm/5.2 2015q4/bin/../lib/gcc/arm-none-eabi/5.2.1/armv7e-m/crtbegin.o
 .tm_clone_table
                0x20000460        0x0 c:/arm/5.2 2015q4/bin/../lib/gcc/arm-none-eabi/5.2.1/armv7e-m/crtend.o

.igot.plt       0x20000460        0x0 load address 0x08001a60
 .igot.plt      0x20000460        0x0 c:/arm/5.2 2015q4/bin/../lib/gcc/arm-none-eabi/5.2.1/armv7e-m/crtbegin.o

.bss            0x20000460       0x20 load address 0x08001a60
                0x20000460                . = ALIGN (0x4)
                0x20000460                __bss_start__ = .
                0x20000460                _sbss = __bss_start__
 *(.bss*)
 .bss           0x20000460       0x1c c:/arm/5.2 2015q4/bin/../lib/gcc/arm-none-eabi/5.2.1/armv7e-m/crtbegin.o
 .bss           0x2000047c        0x4 ..\obj\main.o
 *(COMMON)
                0x20000480                . = ALIGN (0x4)
                0x20000480                __bss_end__ = .
                0x20000480                _ebss = __bss_end__

.heap           0x20000480        0x0
                0x20000480                __end__ = .
                0x20000480                _end = __end__
                0x20000480                end = __end__
 *(.heap*)
                0x20000480                __HeapLimit = .

.co_stack       0x20000480        0x0
                0x20000480                . = ALIGN (0x8)
 *(.co_stack .co_stack.*)
                0x20010000                __StackTop = (ORIGIN (ram) + LENGTH (ram))
                0x20010000                __StackLimit = (__StackTop - SIZEOF (.co_stack))
                0x20010000                PROVIDE (__stack, __StackTop)
                0x00000001                ASSERT ((__StackLimit >= __HeapLimit), region ram  overflowed with stack)
LOAD ..\obj\stm32f4xx_hash_sha1.o
LOAD ..\obj\stm32f4xx_sdio.o
LOAD ..\obj\stm32f4xx_dma.o
LOAD ..\obj\stm32f4xx_iwdg.o
LOAD ..\obj\stm32f4xx_wwdg.o
LOAD ..\obj\stm32f4xx_tim.o
LOAD ..\obj\stm32f4xx_hash_md5.o
LOAD ..\obj\stm32f4xx_spi.o
LOAD ..\obj\stm32f4xx_can.o
LOAD ..\obj\stm32f4xx_dac.o
LOAD ..\obj\startup_stm32f4xx.o
LOAD ..\obj\stm32f4xx_rcc.o
LOAD ..\obj\stm32f4xx_dbgmcu.o
LOAD ..\obj\stm32f4xx_cryp.o
LOAD ..\obj\stm32f4xx_adc.o
LOAD ..\obj\stm32f4xx_syscfg.o
LOAD ..\obj\stm32f4xx_crc.o
LOAD ..\obj\stm32f4xx_i2c.o
LOAD ..\obj\stm32f4xx_hash.o
LOAD ..\obj\system_stm32f4xx.o
LOAD ..\obj\stm32f4xx_rng.o
LOAD ..\obj\stm32f4xx_cryp_tdes.o
LOAD ..\obj\stm32f4xx_dcmi.o
LOAD ..\obj\stm32f4xx_cryp_des.o
LOAD ..\obj\stm32f4xx_fsmc.o
LOAD ..\obj\stm32f4xx_pwr.o
LOAD ..\obj\stm32f4xx_cryp_aes.o
LOAD ..\obj\stm32f4xx_usart.o
LOAD ..\obj\misc.o
LOAD ..\obj\stm32f4xx_gpio.o
LOAD ..\obj\stm32f4xx_rtc.o
LOAD ..\obj\stm32f4xx_flash.o
LOAD ..\obj\stm32f4xx_exti.o
LOAD ..\obj\main.o
START GROUP
LOAD c:/arm/5.2 2015q4/bin/../lib/gcc/arm-none-eabi/5.2.1/armv7e-m\libgcc.a
LOAD c:/arm/5.2 2015q4/bin/../lib/gcc/arm-none-eabi/5.2.1/../../../../arm-none-eabi/lib/armv7e-m\libg.a
LOAD c:/arm/5.2 2015q4/bin/../lib/gcc/arm-none-eabi/5.2.1/../../../../arm-none-eabi/lib/armv7e-m\libc.a
END GROUP
LOAD c:/arm/5.2 2015q4/bin/../lib/gcc/arm-none-eabi/5.2.1/armv7e-m/crtend.o
LOAD c:/arm/5.2 2015q4/bin/../lib/gcc/arm-none-eabi/5.2.1/armv7e-m/crtn.o
OUTPUT(leds.elf elf32-littlearm)

.ARM.attributes
                0x00000000       0x2a
 .ARM.attributes
                0x00000000       0x1e c:/arm/5.2 2015q4/bin/../lib/gcc/arm-none-eabi/5.2.1/armv7e-m/crti.o
 .ARM.attributes
                0x0000001e       0x2e c:/arm/5.2 2015q4/bin/../lib/gcc/arm-none-eabi/5.2.1/armv7e-m/crtbegin.o
 .ARM.attributes
                0x0000004c       0x21 ..\obj\startup_stm32f4xx.o
 .ARM.attributes
                0x0000006d       0x33 ..\obj\stm32f4xx_rcc.o
 .ARM.attributes
                0x000000a0       0x33 ..\obj\system_stm32f4xx.o
 .ARM.attributes
                0x000000d3       0x33 ..\obj\stm32f4xx_gpio.o
 .ARM.attributes
                0x00000106       0x33 ..\obj\main.o
 .ARM.attributes
                0x00000139       0x2e c:/arm/5.2 2015q4/bin/../lib/gcc/arm-none-eabi/5.2.1/../../../../arm-none-eabi/lib/armv7e-m\libg.a(lib_a-impure.o)
 .ARM.attributes
                0x00000167       0x2e c:/arm/5.2 2015q4/bin/../lib/gcc/arm-none-eabi/5.2.1/../../../../arm-none-eabi/lib/armv7e-m\libg.a(lib_a-init.o)
 .ARM.attributes
                0x00000195       0x2e c:/arm/5.2 2015q4/bin/../lib/gcc/arm-none-eabi/5.2.1/../../../../arm-none-eabi/lib/armv7e-m\libg.a(lib_a-__call_atexit.o)
 .ARM.attributes
                0x000001c3       0x2e c:/arm/5.2 2015q4/bin/../lib/gcc/arm-none-eabi/5.2.1/../../../../arm-none-eabi/lib/armv7e-m\libg.a(lib_a-atexit.o)
 .ARM.attributes
                0x000001f1       0x2e c:/arm/5.2 2015q4/bin/../lib/gcc/arm-none-eabi/5.2.1/../../../../arm-none-eabi/lib/armv7e-m\libg.a(lib_a-fini.o)
 .ARM.attributes
                0x0000021f       0x2e c:/arm/5.2 2015q4/bin/../lib/gcc/arm-none-eabi/5.2.1/../../../../arm-none-eabi/lib/armv7e-m\libg.a(lib_a-__atexit.o)
 .ARM.attributes
                0x0000024d       0x2e c:/arm/5.2 2015q4/bin/../lib/gcc/arm-none-eabi/5.2.1/armv7e-m/crtend.o
 .ARM.attributes
                0x0000027b       0x1e c:/arm/5.2 2015q4/bin/../lib/gcc/arm-none-eabi/5.2.1/armv7e-m/crtn.o

.comment        0x00000000       0x6e
 .comment       0x00000000       0x6e ..\obj\stm32f4xx_rcc.o
                                 0x6f (size before relaxing)
 .comment       0x0000006e       0x6f ..\obj\system_stm32f4xx.o
 .comment       0x0000006e       0x6f ..\obj\stm32f4xx_gpio.o
 .comment       0x0000006e       0x6f ..\obj\main.o

.debug_line     0x00000000      0xab8
 .debug_line    0x00000000       0x9e ..\obj\startup_stm32f4xx.o
 .debug_line    0x0000009e      0x373 ..\obj\stm32f4xx_rcc.o
 .debug_line    0x00000411      0x1cd ..\obj\system_stm32f4xx.o
 .debug_line    0x000005de      0x2af ..\obj\stm32f4xx_gpio.o
 .debug_line    0x0000088d      0x22b ..\obj\main.o

.debug_info     0x00000000     0x1c06
 .debug_info    0x00000000       0x95 ..\obj\startup_stm32f4xx.o
 .debug_info    0x00000095      0xc59 ..\obj\stm32f4xx_rcc.o
 .debug_info    0x00000cee      0x596 ..\obj\system_stm32f4xx.o
 .debug_info    0x00001284      0x61a ..\obj\stm32f4xx_gpio.o
 .debug_info    0x0000189e      0x368 ..\obj\main.o

.debug_abbrev   0x00000000      0x65f
 .debug_abbrev  0x00000000       0x12 ..\obj\startup_stm32f4xx.o
 .debug_abbrev  0x00000012      0x1e5 ..\obj\stm32f4xx_rcc.o
 .debug_abbrev  0x000001f7      0x138 ..\obj\system_stm32f4xx.o
 .debug_abbrev  0x0000032f      0x1a7 ..\obj\stm32f4xx_gpio.o
 .debug_abbrev  0x000004d6      0x189 ..\obj\main.o

.debug_aranges  0x00000000       0xa8
 .debug_aranges
                0x00000000       0x28 ..\obj\startup_stm32f4xx.o
 .debug_aranges
                0x00000028       0x20 ..\obj\stm32f4xx_rcc.o
 .debug_aranges
                0x00000048       0x20 ..\obj\system_stm32f4xx.o
 .debug_aranges
                0x00000068       0x20 ..\obj\stm32f4xx_gpio.o
 .debug_aranges
                0x00000088       0x20 ..\obj\main.o

.debug_ranges   0x00000000       0x20
 .debug_ranges  0x00000000       0x20 ..\obj\startup_stm32f4xx.o

.debug_str      0x00000000      0xc5b
 .debug_str     0x00000000      0x7bf ..\obj\stm32f4xx_rcc.o
                                0x84f (size before relaxing)
 .debug_str     0x000007bf      0x111 ..\obj\system_stm32f4xx.o
                                0x390 (size before relaxing)
 .debug_str     0x000008d0      0x33a ..\obj\stm32f4xx_gpio.o
                                0x4a2 (size before relaxing)
 .debug_str     0x00000c0a       0x51 ..\obj\main.o
                                0x32a (size before relaxing)

.debug_frame    0x00000000      0xb24
 .debug_frame   0x00000000      0x6d4 ..\obj\stm32f4xx_rcc.o
 .debug_frame   0x000006d4       0x7c ..\obj\system_stm32f4xx.o
 .debug_frame   0x00000750      0x23c ..\obj\stm32f4xx_gpio.o
 .debug_frame   0x0000098c       0x94 ..\obj\main.o
 .debug_frame   0x00000a20       0x2c c:/arm/5.2 2015q4/bin/../lib/gcc/arm-none-eabi/5.2.1/../../../../arm-none-eabi/lib/armv7e-m\libg.a(lib_a-init.o)
 .debug_frame   0x00000a4c       0x50 c:/arm/5.2 2015q4/bin/../lib/gcc/arm-none-eabi/5.2.1/../../../../arm-none-eabi/lib/armv7e-m\libg.a(lib_a-__call_atexit.o)
 .debug_frame   0x00000a9c       0x20 c:/arm/5.2 2015q4/bin/../lib/gcc/arm-none-eabi/5.2.1/../../../../arm-none-eabi/lib/armv7e-m\libg.a(lib_a-atexit.o)
 .debug_frame   0x00000abc       0x34 c:/arm/5.2 2015q4/bin/../lib/gcc/arm-none-eabi/5.2.1/../../../../arm-none-eabi/lib/armv7e-m\libg.a(lib_a-fini.o)
 .debug_frame   0x00000af0       0x34 c:/arm/5.2 2015q4/bin/../lib/gcc/arm-none-eabi/5.2.1/../../../../arm-none-eabi/lib/armv7e-m\libg.a(lib_a-__atexit.o)
