Archive member included to satisfy reference by file (symbol)

c:/arm/5.2 2015q4/bin/../lib/gcc/arm-none-eabi/5.2.1/../../../../arm-none-eabi/lib/armv7e-m\libg.a(lib_a-exit.o)
                              c:/arm/5.2 2015q4/bin/../lib/gcc/arm-none-eabi/5.2.1/../../../../arm-none-eabi/lib/armv7e-m/crt0.o (exit)
c:/arm/5.2 2015q4/bin/../lib/gcc/arm-none-eabi/5.2.1/../../../../arm-none-eabi/lib/armv7e-m\libg.a(lib_a-impure.o)
                              c:/arm/5.2 2015q4/bin/../lib/gcc/arm-none-eabi/5.2.1/../../../../arm-none-eabi/lib/armv7e-m\libg.a(lib_a-exit.o) (_global_impure_ptr)
c:/arm/5.2 2015q4/bin/../lib/gcc/arm-none-eabi/5.2.1/../../../../arm-none-eabi/lib/armv7e-m\libg.a(lib_a-init.o)
                              c:/arm/5.2 2015q4/bin/../lib/gcc/arm-none-eabi/5.2.1/../../../../arm-none-eabi/lib/armv7e-m/crt0.o (__libc_init_array)
c:/arm/5.2 2015q4/bin/../lib/gcc/arm-none-eabi/5.2.1/../../../../arm-none-eabi/lib/armv7e-m\libg.a(lib_a-memset.o)
                              c:/arm/5.2 2015q4/bin/../lib/gcc/arm-none-eabi/5.2.1/../../../../arm-none-eabi/lib/armv7e-m/crt0.o (memset)
c:/arm/5.2 2015q4/bin/../lib/gcc/arm-none-eabi/5.2.1/../../../../arm-none-eabi/lib/armv7e-m\libg.a(lib_a-__call_atexit.o)
                              c:/arm/5.2 2015q4/bin/../lib/gcc/arm-none-eabi/5.2.1/../../../../arm-none-eabi/lib/armv7e-m\libg.a(lib_a-exit.o) (__call_exitprocs)
c:/arm/5.2 2015q4/bin/../lib/gcc/arm-none-eabi/5.2.1/../../../../arm-none-eabi/lib/armv7e-m\libg.a(lib_a-atexit.o)
                              c:/arm/5.2 2015q4/bin/../lib/gcc/arm-none-eabi/5.2.1/../../../../arm-none-eabi/lib/armv7e-m\libg.a(lib_a-__call_atexit.o) (atexit)
c:/arm/5.2 2015q4/bin/../lib/gcc/arm-none-eabi/5.2.1/../../../../arm-none-eabi/lib/armv7e-m\libg.a(lib_a-fini.o)
                              c:/arm/5.2 2015q4/bin/../lib/gcc/arm-none-eabi/5.2.1/../../../../arm-none-eabi/lib/armv7e-m\libg.a(lib_a-__call_atexit.o) (__libc_fini_array)
c:/arm/5.2 2015q4/bin/../lib/gcc/arm-none-eabi/5.2.1/../../../../arm-none-eabi/lib/armv7e-m\libg.a(lib_a-__atexit.o)
                              c:/arm/5.2 2015q4/bin/../lib/gcc/arm-none-eabi/5.2.1/../../../../arm-none-eabi/lib/armv7e-m\libg.a(lib_a-atexit.o) (__register_exitproc)

Discarded input sections

 .text          0x00000000        0x0 c:/arm/5.2 2015q4/bin/../lib/gcc/arm-none-eabi/5.2.1/armv7e-m/crti.o
 .data          0x00000000        0x0 c:/arm/5.2 2015q4/bin/../lib/gcc/arm-none-eabi/5.2.1/armv7e-m/crti.o
 .bss           0x00000000        0x0 c:/arm/5.2 2015q4/bin/../lib/gcc/arm-none-eabi/5.2.1/armv7e-m/crti.o
 .data          0x00000000        0x4 c:/arm/5.2 2015q4/bin/../lib/gcc/arm-none-eabi/5.2.1/armv7e-m/crtbegin.o
 .text          0x00000000       0x74 c:/arm/5.2 2015q4/bin/../lib/gcc/arm-none-eabi/5.2.1/../../../../arm-none-eabi/lib/armv7e-m/crt0.o
 .data          0x00000000        0x0 c:/arm/5.2 2015q4/bin/../lib/gcc/arm-none-eabi/5.2.1/../../../../arm-none-eabi/lib/armv7e-m/crt0.o
 .bss           0x00000000        0x0 c:/arm/5.2 2015q4/bin/../lib/gcc/arm-none-eabi/5.2.1/../../../../arm-none-eabi/lib/armv7e-m/crt0.o
 .ARM.extab     0x00000000        0x0 c:/arm/5.2 2015q4/bin/../lib/gcc/arm-none-eabi/5.2.1/../../../../arm-none-eabi/lib/armv7e-m/crt0.o
 .ARM.exidx     0x00000000        0x8 c:/arm/5.2 2015q4/bin/../lib/gcc/arm-none-eabi/5.2.1/../../../../arm-none-eabi/lib/armv7e-m/crt0.o
 .ARM.attributes
                0x00000000       0x1c c:/arm/5.2 2015q4/bin/../lib/gcc/arm-none-eabi/5.2.1/../../../../arm-none-eabi/lib/armv7e-m/crt0.o
 .text          0x00000000       0x14 ..\obj\startup_stm32f4xx.o
 .data          0x00000000        0x0 ..\obj\startup_stm32f4xx.o
 .bss           0x00000000        0x0 ..\obj\startup_stm32f4xx.o
 .bss           0x00000000        0x0 ..\obj\system_stm32f4xx.o
 .bss           0x00000000        0x0 ..\obj\stm32f4xx_rcc.o
 .data          0x00000000        0x0 ..\obj\stm32f4xx_gpio.o
 .bss           0x00000000        0x0 ..\obj\stm32f4xx_gpio.o
 .data          0x00000000        0x0 ..\obj\main.o
 .text          0x00000000        0x0 c:/arm/5.2 2015q4/bin/../lib/gcc/arm-none-eabi/5.2.1/../../../../arm-none-eabi/lib/armv7e-m\libg.a(lib_a-exit.o)
 .data          0x00000000        0x0 c:/arm/5.2 2015q4/bin/../lib/gcc/arm-none-eabi/5.2.1/../../../../arm-none-eabi/lib/armv7e-m\libg.a(lib_a-exit.o)
 .bss           0x00000000        0x0 c:/arm/5.2 2015q4/bin/../lib/gcc/arm-none-eabi/5.2.1/../../../../arm-none-eabi/lib/armv7e-m\libg.a(lib_a-exit.o)
 .text.exit     0x00000000       0x20 c:/arm/5.2 2015q4/bin/../lib/gcc/arm-none-eabi/5.2.1/../../../../arm-none-eabi/lib/armv7e-m\libg.a(lib_a-exit.o)
 .debug_frame   0x00000000       0x28 c:/arm/5.2 2015q4/bin/../lib/gcc/arm-none-eabi/5.2.1/../../../../arm-none-eabi/lib/armv7e-m\libg.a(lib_a-exit.o)
 .ARM.attributes
                0x00000000       0x2e c:/arm/5.2 2015q4/bin/../lib/gcc/arm-none-eabi/5.2.1/../../../../arm-none-eabi/lib/armv7e-m\libg.a(lib_a-exit.o)
 .text          0x00000000        0x0 c:/arm/5.2 2015q4/bin/../lib/gcc/arm-none-eabi/5.2.1/../../../../arm-none-eabi/lib/armv7e-m\libg.a(lib_a-impure.o)
 .data          0x00000000        0x0 c:/arm/5.2 2015q4/bin/../lib/gcc/arm-none-eabi/5.2.1/../../../../arm-none-eabi/lib/armv7e-m\libg.a(lib_a-impure.o)
 .bss           0x00000000        0x0 c:/arm/5.2 2015q4/bin/../lib/gcc/arm-none-eabi/5.2.1/../../../../arm-none-eabi/lib/armv7e-m\libg.a(lib_a-impure.o)
 .data._impure_ptr
                0x00000000        0x4 c:/arm/5.2 2015q4/bin/../lib/gcc/arm-none-eabi/5.2.1/../../../../arm-none-eabi/lib/armv7e-m\libg.a(lib_a-impure.o)
 .text          0x00000000        0x0 c:/arm/5.2 2015q4/bin/../lib/gcc/arm-none-eabi/5.2.1/../../../../arm-none-eabi/lib/armv7e-m\libg.a(lib_a-init.o)
 .data          0x00000000        0x0 c:/arm/5.2 2015q4/bin/../lib/gcc/arm-none-eabi/5.2.1/../../../../arm-none-eabi/lib/armv7e-m\libg.a(lib_a-init.o)
 .bss           0x00000000        0x0 c:/arm/5.2 2015q4/bin/../lib/gcc/arm-none-eabi/5.2.1/../../../../arm-none-eabi/lib/armv7e-m\libg.a(lib_a-init.o)
 .text          0x00000000        0x0 c:/arm/5.2 2015q4/bin/../lib/gcc/arm-none-eabi/5.2.1/../../../../arm-none-eabi/lib/armv7e-m\libg.a(lib_a-memset.o)
 .data          0x00000000        0x0 c:/arm/5.2 2015q4/bin/../lib/gcc/arm-none-eabi/5.2.1/../../../../arm-none-eabi/lib/armv7e-m\libg.a(lib_a-memset.o)
 .bss           0x00000000        0x0 c:/arm/5.2 2015q4/bin/../lib/gcc/arm-none-eabi/5.2.1/../../../../arm-none-eabi/lib/armv7e-m\libg.a(lib_a-memset.o)
 .text.memset   0x00000000       0x9c c:/arm/5.2 2015q4/bin/../lib/gcc/arm-none-eabi/5.2.1/../../../../arm-none-eabi/lib/armv7e-m\libg.a(lib_a-memset.o)
 .debug_frame   0x00000000       0x34 c:/arm/5.2 2015q4/bin/../lib/gcc/arm-none-eabi/5.2.1/../../../../arm-none-eabi/lib/armv7e-m\libg.a(lib_a-memset.o)
 .ARM.attributes
                0x00000000       0x2e c:/arm/5.2 2015q4/bin/../lib/gcc/arm-none-eabi/5.2.1/../../../../arm-none-eabi/lib/armv7e-m\libg.a(lib_a-memset.o)
 .text          0x00000000        0x0 c:/arm/5.2 2015q4/bin/../lib/gcc/arm-none-eabi/5.2.1/../../../../arm-none-eabi/lib/armv7e-m\libg.a(lib_a-__call_atexit.o)
 .data          0x00000000        0x0 c:/arm/5.2 2015q4/bin/../lib/gcc/arm-none-eabi/5.2.1/../../../../arm-none-eabi/lib/armv7e-m\libg.a(lib_a-__call_atexit.o)
 .bss           0x00000000        0x0 c:/arm/5.2 2015q4/bin/../lib/gcc/arm-none-eabi/5.2.1/../../../../arm-none-eabi/lib/armv7e-m\libg.a(lib_a-__call_atexit.o)
 .text.__call_exitprocs
                0x00000000       0xd8 c:/arm/5.2 2015q4/bin/../lib/gcc/arm-none-eabi/5.2.1/../../../../arm-none-eabi/lib/armv7e-m\libg.a(lib_a-__call_atexit.o)
 .text          0x00000000        0x0 c:/arm/5.2 2015q4/bin/../lib/gcc/arm-none-eabi/5.2.1/../../../../arm-none-eabi/lib/armv7e-m\libg.a(lib_a-atexit.o)
 .data          0x00000000        0x0 c:/arm/5.2 2015q4/bin/../lib/gcc/arm-none-eabi/5.2.1/../../../../arm-none-eabi/lib/armv7e-m\libg.a(lib_a-atexit.o)
 .bss           0x00000000        0x0 c:/arm/5.2 2015q4/bin/../lib/gcc/arm-none-eabi/5.2.1/../../../../arm-none-eabi/lib/armv7e-m\libg.a(lib_a-atexit.o)
 .text          0x00000000        0x0 c:/arm/5.2 2015q4/bin/../lib/gcc/arm-none-eabi/5.2.1/../../../../arm-none-eabi/lib/armv7e-m\libg.a(lib_a-fini.o)
 .data          0x00000000        0x0 c:/arm/5.2 2015q4/bin/../lib/gcc/arm-none-eabi/5.2.1/../../../../arm-none-eabi/lib/armv7e-m\libg.a(lib_a-fini.o)
 .bss           0x00000000        0x0 c:/arm/5.2 2015q4/bin/../lib/gcc/arm-none-eabi/5.2.1/../../../../arm-none-eabi/lib/armv7e-m\libg.a(lib_a-fini.o)
 .text          0x00000000        0x0 c:/arm/5.2 2015q4/bin/../lib/gcc/arm-none-eabi/5.2.1/../../../../arm-none-eabi/lib/armv7e-m\libg.a(lib_a-__atexit.o)
 .data          0x00000000        0x0 c:/arm/5.2 2015q4/bin/../lib/gcc/arm-none-eabi/5.2.1/../../../../arm-none-eabi/lib/armv7e-m\libg.a(lib_a-__atexit.o)
 .bss           0x00000000        0x0 c:/arm/5.2 2015q4/bin/../lib/gcc/arm-none-eabi/5.2.1/../../../../arm-none-eabi/lib/armv7e-m\libg.a(lib_a-__atexit.o)
 .text          0x00000000        0x0 c:/arm/5.2 2015q4/bin/../lib/gcc/arm-none-eabi/5.2.1/armv7e-m/crtend.o
 .data          0x00000000        0x0 c:/arm/5.2 2015q4/bin/../lib/gcc/arm-none-eabi/5.2.1/armv7e-m/crtend.o
 .bss           0x00000000        0x0 c:/arm/5.2 2015q4/bin/../lib/gcc/arm-none-eabi/5.2.1/armv7e-m/crtend.o
 .eh_frame      0x00000000        0x4 c:/arm/5.2 2015q4/bin/../lib/gcc/arm-none-eabi/5.2.1/armv7e-m/crtend.o
 .text          0x00000000        0x0 c:/arm/5.2 2015q4/bin/../lib/gcc/arm-none-eabi/5.2.1/armv7e-m/crtn.o
 .data          0x00000000        0x0 c:/arm/5.2 2015q4/bin/../lib/gcc/arm-none-eabi/5.2.1/armv7e-m/crtn.o
 .bss           0x00000000        0x0 c:/arm/5.2 2015q4/bin/../lib/gcc/arm-none-eabi/5.2.1/armv7e-m/crtn.o

Memory Configuration

Name             Origin             Length             Attributes
rom              0x08000000         0x00040000         xr
ram              0x20000000         0x00010000         xrw
*default*        0x00000000         0xffffffff

Linker script and memory map

LOAD c:/arm/5.2 2015q4/bin/../lib/gcc/arm-none-eabi/5.2.1/armv7e-m/crti.o
LOAD c:/arm/5.2 2015q4/bin/../lib/gcc/arm-none-eabi/5.2.1/armv7e-m/crtbegin.o
LOAD c:/arm/5.2 2015q4/bin/../lib/gcc/arm-none-eabi/5.2.1/../../../../arm-none-eabi/lib/armv7e-m/crt0.o
                0x20010000                _eram = 0x20010000

.text           0x08000000     0x1600
 *(.isr_vector)
 .isr_vector    0x08000000      0x194 ..\obj\startup_stm32f4xx.o
                0x08000000                g_pfnVectors
 *(.text*)
 .text          0x08000194       0xa4 c:/arm/5.2 2015q4/bin/../lib/gcc/arm-none-eabi/5.2.1/armv7e-m/crtbegin.o
 .text.Reset_Handler
                0x08000238       0x50 ..\obj\startup_stm32f4xx.o
                0x08000238                Reset_Handler
 .text.Default_Handler
                0x08000288        0x2 ..\obj\startup_stm32f4xx.o
                0x08000288                RTC_Alarm_IRQHandler
                0x08000288                EXTI2_IRQHandler
                0x08000288                DebugMon_Handler
                0x08000288                SPI4_IRQHandler
                0x08000288                TIM1_CC_IRQHandler
                0x08000288                DMA2_Stream5_IRQHandler
                0x08000288                HardFault_Handler
                0x08000288                DMA1_Stream5_IRQHandler
                0x08000288                SysTick_Handler
                0x08000288                PVD_IRQHandler
                0x08000288                SDIO_IRQHandler
                0x08000288                TAMP_STAMP_IRQHandler
                0x08000288                PendSV_Handler
                0x08000288                NMI_Handler
                0x08000288                EXTI3_IRQHandler
                0x08000288                TIM1_UP_TIM10_IRQHandler
                0x08000288                I2C3_ER_IRQHandler
                0x08000288                EXTI0_IRQHandler
                0x08000288                I2C2_EV_IRQHandler
                0x08000288                DMA1_Stream2_IRQHandler
                0x08000288                FPU_IRQHandler
                0x08000288                UsageFault_Handler
                0x08000288                DMA2_Stream2_IRQHandler
                0x08000288                SPI1_IRQHandler
                0x08000288                TIM1_BRK_TIM9_IRQHandler
                0x08000288                DMA2_Stream3_IRQHandler
                0x08000288                USART6_IRQHandler
                0x08000288                DMA2_Stream0_IRQHandler
                0x08000288                TIM4_IRQHandler
                0x08000288                I2C1_EV_IRQHandler
                0x08000288                DMA1_Stream6_IRQHandler
                0x08000288                DMA1_Stream1_IRQHandler
                0x08000288                TIM3_IRQHandler
                0x08000288                RCC_IRQHandler
                0x08000288                Default_Handler
                0x08000288                EXTI15_10_IRQHandler
                0x08000288                ADC_IRQHandler
                0x08000288                DMA1_Stream7_IRQHandler
                0x08000288                TIM5_IRQHandler
                0x08000288                DMA2_Stream7_IRQHandler
                0x08000288                I2C3_EV_IRQHandler
                0x08000288                EXTI9_5_IRQHandler
                0x08000288                RTC_WKUP_IRQHandler
                0x08000288                SPI2_IRQHandler
                0x08000288                MemManage_Handler
                0x08000288                DMA1_Stream0_IRQHandler
                0x08000288                SVC_Handler
                0x08000288                EXTI4_IRQHandler
                0x08000288                WWDG_IRQHandler
                0x08000288                TIM2_IRQHandler
                0x08000288                OTG_FS_WKUP_IRQHandler
                0x08000288                TIM1_TRG_COM_TIM11_IRQHandler
                0x08000288                EXTI1_IRQHandler
                0x08000288                USART2_IRQHandler
                0x08000288                I2C2_ER_IRQHandler
                0x08000288                DMA2_Stream1_IRQHandler
                0x08000288                FLASH_IRQHandler
                0x08000288                DMA2_Stream4_IRQHandler
                0x08000288                BusFault_Handler
                0x08000288                USART1_IRQHandler
                0x08000288                OTG_FS_IRQHandler
                0x08000288                SPI3_IRQHandler
                0x08000288                DMA1_Stream4_IRQHandler
                0x08000288                I2C1_ER_IRQHandler
                0x08000288                DMA2_Stream6_IRQHandler
                0x08000288                DMA1_Stream3_IRQHandler
 *fill*         0x0800028a        0x2 
 .text          0x0800028c      0x248 ..\obj\system_stm32f4xx.o
                0x0800028c                SystemInit
                0x080002e8                SystemCoreClockUpdate
 .text          0x080004d4      0xa78 ..\obj\stm32f4xx_rcc.o
                0x080004d4                RCC_DeInit
                0x08000524                RCC_HSEConfig
                0x08000548                RCC_WaitForHSEStartUp
                0x08000598                RCC_AdjustHSICalibrationValue
                0x080005d4                RCC_HSICmd
                0x080005f4                RCC_LSEConfig
                0x08000634                RCC_LSICmd
                0x08000654                RCC_PLLConfig
                0x08000690                RCC_PLLCmd
                0x080006b0                RCC_PLLI2SConfig
                0x080006d8                RCC_PLLI2SCmd
                0x080006f8                RCC_ClockSecuritySystemCmd
                0x08000718                RCC_MCO1Config
                0x08000754                RCC_MCO2Config
                0x08000790                RCC_SYSCLKConfig
                0x080007c8                RCC_GetSYSCLKSource
                0x080007e4                RCC_HCLKConfig
                0x0800081c                RCC_PCLK1Config
                0x08000854                RCC_PCLK2Config
                0x0800088c                RCC_GetClocksFreq
                0x080009e0                RCC_RTCCLKConfig
                0x08000a3c                RCC_RTCCLKCmd
                0x08000a5c                RCC_BackupResetCmd
                0x08000a7c                RCC_I2SCLKConfig
                0x08000a98                RCC_AHB1PeriphClockCmd
                0x08000ad4                RCC_AHB2PeriphClockCmd
                0x08000b10                RCC_AHB3PeriphClockCmd
                0x08000b4c                RCC_APB1PeriphClockCmd
                0x08000b88                RCC_APB2PeriphClockCmd
                0x08000bc4                RCC_AHB1PeriphResetCmd
                0x08000c00                RCC_AHB2PeriphResetCmd
                0x08000c3c                RCC_AHB3PeriphResetCmd
                0x08000c78                RCC_APB1PeriphResetCmd
                0x08000cb4                RCC_APB2PeriphResetCmd
                0x08000cf0                RCC_AHB1PeriphClockLPModeCmd
                0x08000d2c                RCC_AHB2PeriphClockLPModeCmd
                0x08000d68                RCC_AHB3PeriphClockLPModeCmd
                0x08000da4                RCC_APB1PeriphClockLPModeCmd
                0x08000de0                RCC_APB2PeriphClockLPModeCmd
                0x08000e1c                RCC_ITConfig
                0x08000e68                RCC_GetFlagStatus
                0x08000edc                RCC_ClearFlag
                0x08000ef8                RCC_GetITStatus
                0x08000f2c                RCC_ClearITPendingBit
 .text          0x08000f4c      0x484 ..\obj\stm32f4xx_gpio.o
                0x08000f4c                GPIO_DeInit
                0x0800106c                GPIO_Init
                0x08001188                GPIO_StructInit
                0x080011bc                GPIO_PinLockConfig
                0x08001200                GPIO_ReadInputDataBit
                0x08001234                GPIO_ReadInputData
                0x0800124c                GPIO_ReadOutputDataBit
                0x08001280                GPIO_ReadOutputData
                0x08001298                GPIO_SetBits
                0x080012b4                GPIO_ResetBits
                0x080012d0                GPIO_WriteBit
                0x08001300                GPIO_Write
                0x0800131c                GPIO_ToggleBits
                0x08001340                GPIO_PinAFConfig
 .text          0x080013d0       0xc8 ..\obj\main.o
                0x080013d0                main
                0x080013e0                init
                0x08001424                loop
                0x0800146c                delay
 .text.__libc_init_array
                0x08001498       0x50 c:/arm/5.2 2015q4/bin/../lib/gcc/arm-none-eabi/5.2.1/../../../../arm-none-eabi/lib/armv7e-m\libg.a(lib_a-init.o)
                0x08001498                __libc_init_array
 .text.startup.register_fini
                0x080014e8       0x14 c:/arm/5.2 2015q4/bin/../lib/gcc/arm-none-eabi/5.2.1/../../../../arm-none-eabi/lib/armv7e-m\libg.a(lib_a-__call_atexit.o)
 .text.atexit   0x080014fc        0xc c:/arm/5.2 2015q4/bin/../lib/gcc/arm-none-eabi/5.2.1/../../../../arm-none-eabi/lib/armv7e-m\libg.a(lib_a-atexit.o)
                0x080014fc                atexit
 .text.__libc_fini_array
                0x08001508       0x28 c:/arm/5.2 2015q4/bin/../lib/gcc/arm-none-eabi/5.2.1/../../../../arm-none-eabi/lib/armv7e-m\libg.a(lib_a-fini.o)
                0x08001508                __libc_fini_array
 .text.__register_exitproc
                0x08001530       0xa4 c:/arm/5.2 2015q4/bin/../lib/gcc/arm-none-eabi/5.2.1/../../../../arm-none-eabi/lib/armv7e-m\libg.a(lib_a-__atexit.o)
                0x08001530                __register_exitproc
 *(.init)
 .init          0x080015d4        0x4 c:/arm/5.2 2015q4/bin/../lib/gcc/arm-none-eabi/5.2.1/armv7e-m/crti.o
                0x080015d4                _init
 .init          0x080015d8        0x8 c:/arm/5.2 2015q4/bin/../lib/gcc/arm-none-eabi/5.2.1/armv7e-m/crtn.o
 *(.fini)
 .fini          0x080015e0        0x4 c:/arm/5.2 2015q4/bin/../lib/gcc/arm-none-eabi/5.2.1/armv7e-m/crti.o
                0x080015e0                _fini
 .fini          0x080015e4        0x8 c:/arm/5.2 2015q4/bin/../lib/gcc/arm-none-eabi/5.2.1/armv7e-m/crtn.o
 *crtbegin.o(.ctors)
 *crtbegin?.o(.ctors)
 *(EXCLUDE_FILE(*crtend.o *crtend?.o) .ctors)
 *(SORT(.ctors.*))
 *(.ctors)
 *crtbegin.o(.dtors)
 *crtbegin?.o(.dtors)
 *(EXCLUDE_FILE(*crtend.o *crtend?.o) .dtors)
 *(SORT(.dtors.*))
 *(.dtors)
 *(.rodata*)
 .rodata        0x080015ec        0xc ..\obj\main.o
                0x080015ec                LEDS
                0x080015f0                LED
 .rodata.str1.4
                0x080015f8        0x4 c:/arm/5.2 2015q4/bin/../lib/gcc/arm-none-eabi/5.2.1/../../../../arm-none-eabi/lib/armv7e-m\libg.a(lib_a-impure.o)
                                  0x2 (size before relaxing)
 .rodata._global_impure_ptr
                0x080015fc        0x4 c:/arm/5.2 2015q4/bin/../lib/gcc/arm-none-eabi/5.2.1/../../../../arm-none-eabi/lib/armv7e-m\libg.a(lib_a-impure.o)
                0x080015fc                _global_impure_ptr
 *(.eh_fram e*)

.eh_frame       0x08001600        0x0
 .eh_frame      0x08001600        0x0 c:/arm/5.2 2015q4/bin/../lib/gcc/arm-none-eabi/5.2.1/armv7e-m/crtbegin.o

.glue_7         0x08001600        0x0
 .glue_7        0x08001600        0x0 linker stubs

.glue_7t        0x08001600        0x0
 .glue_7t       0x08001600        0x0 linker stubs

.vfp11_veneer   0x08001600        0x0
 .vfp11_veneer  0x08001600        0x0 linker stubs

.v4_bx          0x08001600        0x0
 .v4_bx         0x08001600        0x0 linker stubs

.iplt           0x08001600        0x0
 .iplt          0x08001600        0x0 c:/arm/5.2 2015q4/bin/../lib/gcc/arm-none-eabi/5.2.1/armv7e-m/crtbegin.o

.rel.dyn        0x08001600        0x0
 .rel.iplt      0x08001600        0x0 c:/arm/5.2 2015q4/bin/../lib/gcc/arm-none-eabi/5.2.1/armv7e-m/crtbegin.o

.ARM.extab
 *(.ARM.extab* .gnu.linkonce.armextab.*)
                0x08001600                __exidx_start = .

.ARM.exidx
 *(.ARM.exidx* .gnu.linkonce.armexidx.*)
                0x08001600                __exidx_end = .
                0x08001600                __etext = .
                0x08001600                _sidata = __etext

.data           0x20000000      0x460 load address 0x08001600
                0x20000000                __data_start__ = .
                0x20000000                _sdata = __data_start__
 *(vtable)
 *(.data*)
 .data          0x20000000       0x14 ..\obj\system_stm32f4xx.o
                0x20000000                SystemCoreClock
                0x20000004                AHBPrescTable
 .data          0x20000014       0x10 ..\obj\stm32f4xx_rcc.o
 *fill*         0x20000024        0x4 
 .data.impure_data
                0x20000028      0x428 c:/arm/5.2 2015q4/bin/../lib/gcc/arm-none-eabi/5.2.1/../../../../arm-none-eabi/lib/armv7e-m\libg.a(lib_a-impure.o)
                0x20000450                . = ALIGN (0x4)
                0x20000450                PROVIDE (__preinit_array_start, .)
 *(.preinit_array)
                0x20000450                PROVIDE (__preinit_array_end, .)
                0x20000450                . = ALIGN (0x4)
                0x20000450                PROVIDE (__init_array_start, .)
 *(SORT(.init_array.*))
 .init_array.00000
                0x20000450        0x4 c:/arm/5.2 2015q4/bin/../lib/gcc/arm-none-eabi/5.2.1/../../../../arm-none-eabi/lib/armv7e-m\libg.a(lib_a-__call_atexit.o)
 *(.init_array)
 .init_array    0x20000454        0x4 c:/arm/5.2 2015q4/bin/../lib/gcc/arm-none-eabi/5.2.1/armv7e-m/crtbegin.o
                0x20000458                PROVIDE (__init_array_end, .)
                0x20000458                . = ALIGN (0x4)
                0x20000458                PROVIDE (__fini_array_start, .)
 *(SORT(.fini_array.*))
 *(.fini_array)
 .fini_array    0x20000458        0x4 c:/arm/5.2 2015q4/bin/../lib/gcc/arm-none-eabi/5.2.1/armv7e-m/crtbegin.o
                0x2000045c                PROVIDE (__fini_array_end, .)
 *(.jcr*)
 .jcr           0x2000045c        0x0 c:/arm/5.2 2015q4/bin/../lib/gcc/arm-none-eabi/5.2.1/armv7e-m/crtbegin.o
 .jcr           0x2000045c        0x4 c:/arm/5.2 2015q4/bin/../lib/gcc/arm-none-eabi/5.2.1/armv7e-m/crtend.o
                0x20000460                . = ALIGN (0x4)
                0x20000460                __data_end__ = .
                0x20000460                _edata = __data_end__

.tm_clone_table
                0x20000460        0x0 load address 0x08001a60
 .tm_clone_table
                0x20000460        0x0 c:/arm/5.2 2015q4/bin/../lib/gcc/arm-none-eabi/5.2.1/armv7e-m/crtbegin.o
 .tm_clone_table
                0x20000460        0x0 c:/arm/5.2 2015q4/bin/../lib/gcc/arm-none-eabi/5.2.1/armv7e-m/crtend.o

.igot.plt       0x20000460        0x0 load address 0x08001a60
 .igot.plt      0x20000460        0x0 c:/arm/5.2 2015q4/bin/../lib/gcc/arm-none-eabi/5.2.1/armv7e-m/crtbegin.o

.bss            0x20000460       0x20 load address 0x08001a60
                0x20000460                . = ALIGN (0x4)
                0x20000460                __bss_start__ = .
                0x20000460                _sbss = __bss_start__
 *(.bss*)
 .bss           0x20000460       0x1c c:/arm/5.2 2015q4/bin/../lib/gcc/arm-none-eabi/5.2.1/armv7e-m/crtbegin.o
 .bss           0x2000047c        0x4 ..\obj\main.o
 *(COMMON)
                0x20000480                . = ALIGN (0x4)
                0x20000480                __bss_end__ = .
                0x20000480                _ebss = __bss_end__

.heap           0x20000480        0x0
                0x20000480                __end__ = .
                0x20000480                _end = __end__
                0x20000480                end = __end__
 *(.heap*)
                0x20000480                __HeapLimit = .

.co_stack       0x20000480        0x0
                0x20000480                . = ALIGN (0x8)
 *(.co_stack .co_stack.*)
                0x20010000                __StackTop = (ORIGIN (ram) + LENGTH (ram))
                0x20010000                __StackLimit = (__StackTop - SIZEOF (.co_stack))
                0x20010000                PROVIDE (__stack, __StackTop)
                0x00000001                ASSERT ((__StackLimit >= __HeapLimit), region ram  overflowed with stack)
LOAD ..\obj\startup_stm32f4xx.o
LOAD ..\obj\system_stm32f4xx.o
LOAD ..\obj\stm32f4xx_rcc.o
LOAD ..\obj\stm32f4xx_gpio.o
LOAD ..\obj\main.o
START GROUP
LOAD c:/arm/5.2 2015q4/bin/../lib/gcc/arm-none-eabi/5.2.1/armv7e-m\libgcc.a
LOAD c:/arm/5.2 2015q4/bin/../lib/gcc/arm-none-eabi/5.2.1/../../../../arm-none-eabi/lib/armv7e-m\libg.a
LOAD c:/arm/5.2 2015q4/bin/../lib/gcc/arm-none-eabi/5.2.1/../../../../arm-none-eabi/lib/armv7e-m\libc.a
END GROUP
LOAD c:/arm/5.2 2015q4/bin/../lib/gcc/arm-none-eabi/5.2.1/armv7e-m/crtend.o
LOAD c:/arm/5.2 2015q4/bin/../lib/gcc/arm-none-eabi/5.2.1/armv7e-m/crtn.o
OUTPUT(freeRTOS.elf elf32-littlearm)

.ARM.attributes
                0x00000000       0x2a
 .ARM.attributes
                0x00000000       0x1e c:/arm/5.2 2015q4/bin/../lib/gcc/arm-none-eabi/5.2.1/armv7e-m/crti.o
 .ARM.attributes
                0x0000001e       0x2e c:/arm/5.2 2015q4/bin/../lib/gcc/arm-none-eabi/5.2.1/armv7e-m/crtbegin.o
 .ARM.attributes
                0x0000004c       0x21 ..\obj\startup_stm32f4xx.o
 .ARM.attributes
                0x0000006d       0x33 ..\obj\system_stm32f4xx.o
 .ARM.attributes
                0x000000a0       0x33 ..\obj\stm32f4xx_rcc.o
 .ARM.attributes
                0x000000d3       0x33 ..\obj\stm32f4xx_gpio.o
 .ARM.attributes
                0x00000106       0x33 ..\obj\main.o
 .ARM.attributes
                0x00000139       0x2e c:/arm/5.2 2015q4/bin/../lib/gcc/arm-none-eabi/5.2.1/../../../../arm-none-eabi/lib/armv7e-m\libg.a(lib_a-impure.o)
 .ARM.attributes
                0x00000167       0x2e c:/arm/5.2 2015q4/bin/../lib/gcc/arm-none-eabi/5.2.1/../../../../arm-none-eabi/lib/armv7e-m\libg.a(lib_a-init.o)
 .ARM.attributes
                0x00000195       0x2e c:/arm/5.2 2015q4/bin/../lib/gcc/arm-none-eabi/5.2.1/../../../../arm-none-eabi/lib/armv7e-m\libg.a(lib_a-__call_atexit.o)
 .ARM.attributes
                0x000001c3       0x2e c:/arm/5.2 2015q4/bin/../lib/gcc/arm-none-eabi/5.2.1/../../../../arm-none-eabi/lib/armv7e-m\libg.a(lib_a-atexit.o)
 .ARM.attributes
                0x000001f1       0x2e c:/arm/5.2 2015q4/bin/../lib/gcc/arm-none-eabi/5.2.1/../../../../arm-none-eabi/lib/armv7e-m\libg.a(lib_a-fini.o)
 .ARM.attributes
                0x0000021f       0x2e c:/arm/5.2 2015q4/bin/../lib/gcc/arm-none-eabi/5.2.1/../../../../arm-none-eabi/lib/armv7e-m\libg.a(lib_a-__atexit.o)
 .ARM.attributes
                0x0000024d       0x2e c:/arm/5.2 2015q4/bin/../lib/gcc/arm-none-eabi/5.2.1/armv7e-m/crtend.o
 .ARM.attributes
                0x0000027b       0x1e c:/arm/5.2 2015q4/bin/../lib/gcc/arm-none-eabi/5.2.1/armv7e-m/crtn.o

.comment        0x00000000       0x6e
 .comment       0x00000000       0x6e ..\obj\system_stm32f4xx.o
                                 0x6f (size before relaxing)
 .comment       0x0000006e       0x6f ..\obj\stm32f4xx_rcc.o
 .comment       0x0000006e       0x6f ..\obj\stm32f4xx_gpio.o
 .comment       0x0000006e       0x6f ..\obj\main.o

.debug_line     0x00000000      0xaa7
 .debug_line    0x00000000       0x9d ..\obj\startup_stm32f4xx.o
 .debug_line    0x0000009d      0x1ca ..\obj\system_stm32f4xx.o
 .debug_line    0x00000267      0x36f ..\obj\stm32f4xx_rcc.o
 .debug_line    0x000005d6      0x2ab ..\obj\stm32f4xx_gpio.o
 .debug_line    0x00000881      0x226 ..\obj\main.o

.debug_info     0x00000000     0x1c08
 .debug_info    0x00000000       0x97 ..\obj\startup_stm32f4xx.o
 .debug_info    0x00000097      0x596 ..\obj\system_stm32f4xx.o
 .debug_info    0x0000062d      0xc59 ..\obj\stm32f4xx_rcc.o
 .debug_info    0x00001286      0x61a ..\obj\stm32f4xx_gpio.o
 .debug_info    0x000018a0      0x368 ..\obj\main.o

.debug_abbrev   0x00000000      0x65f
 .debug_abbrev  0x00000000       0x12 ..\obj\startup_stm32f4xx.o
 .debug_abbrev  0x00000012      0x138 ..\obj\system_stm32f4xx.o
 .debug_abbrev  0x0000014a      0x1e5 ..\obj\stm32f4xx_rcc.o
 .debug_abbrev  0x0000032f      0x1a7 ..\obj\stm32f4xx_gpio.o
 .debug_abbrev  0x000004d6      0x189 ..\obj\main.o

.debug_aranges  0x00000000       0xa8
 .debug_aranges
                0x00000000       0x28 ..\obj\startup_stm32f4xx.o
 .debug_aranges
                0x00000028       0x20 ..\obj\system_stm32f4xx.o
 .debug_aranges
                0x00000048       0x20 ..\obj\stm32f4xx_rcc.o
 .debug_aranges
                0x00000068       0x20 ..\obj\stm32f4xx_gpio.o
 .debug_aranges
                0x00000088       0x20 ..\obj\main.o

.debug_ranges   0x00000000       0x20
 .debug_ranges  0x00000000       0x20 ..\obj\startup_stm32f4xx.o

.debug_str      0x00000000      0xc57
 .debug_str     0x00000000      0x31b ..\obj\system_stm32f4xx.o
                                0x38f (size before relaxing)
 .debug_str     0x0000031b      0x5b3 ..\obj\stm32f4xx_rcc.o
                                0x84e (size before relaxing)
 .debug_str     0x000008ce      0x339 ..\obj\stm32f4xx_gpio.o
                                0x4a1 (size before relaxing)
 .debug_str     0x00000c07       0x50 ..\obj\main.o
                                0x329 (size before relaxing)

.debug_frame    0x00000000      0xb24
 .debug_frame   0x00000000       0x7c ..\obj\system_stm32f4xx.o
 .debug_frame   0x0000007c      0x6d4 ..\obj\stm32f4xx_rcc.o
 .debug_frame   0x00000750      0x23c ..\obj\stm32f4xx_gpio.o
 .debug_frame   0x0000098c       0x94 ..\obj\main.o
 .debug_frame   0x00000a20       0x2c c:/arm/5.2 2015q4/bin/../lib/gcc/arm-none-eabi/5.2.1/../../../../arm-none-eabi/lib/armv7e-m\libg.a(lib_a-init.o)
 .debug_frame   0x00000a4c       0x50 c:/arm/5.2 2015q4/bin/../lib/gcc/arm-none-eabi/5.2.1/../../../../arm-none-eabi/lib/armv7e-m\libg.a(lib_a-__call_atexit.o)
 .debug_frame   0x00000a9c       0x20 c:/arm/5.2 2015q4/bin/../lib/gcc/arm-none-eabi/5.2.1/../../../../arm-none-eabi/lib/armv7e-m\libg.a(lib_a-atexit.o)
 .debug_frame   0x00000abc       0x34 c:/arm/5.2 2015q4/bin/../lib/gcc/arm-none-eabi/5.2.1/../../../../arm-none-eabi/lib/armv7e-m\libg.a(lib_a-fini.o)
 .debug_frame   0x00000af0       0x34 c:/arm/5.2 2015q4/bin/../lib/gcc/arm-none-eabi/5.2.1/../../../../arm-none-eabi/lib/armv7e-m\libg.a(lib_a-__atexit.o)
